JLPT Telegram bot server started.
N1 start
N1 current day: 051
Prep: cleaning JLPT CSV meaning fields.
data/jlpt_n1_vocab.csv ?? ?? / ??: 0 ?
data/jlpt_n2_vocab.csv ?? ?? / ??: 0 ?
data/jlpt_n3_vocab.csv ?? ?? / ??: 0 ?
data/jlpt_n4_vocab.csv ?? ?? / ??: 0 ?
data/jlpt_n5_vocab.csv ?? ?? / ??: 0 ?
?? meaning ?? ??
Prep done: JLPT CSV meaning cleanup complete.
Step 0: add today's JLPT word/grammar items from CSV.
words.json 초기화 완료
N1 미사용 단어 후보 수: 2429
N1 미사용 문법 후보 수: 0
단어 추가 완료: 頑固
단어 추가 완료: 監視
단어 추가 완료: 干渉
단어 추가 완료: 頑丈
단어 추가 완료: 肝心
CSV 사용 상태 저장 완료: data\jlpt_n1_vocab.csv
CSV 사용 상태 저장 완료: data\jlpt_n1_grammar.csv
N1 오늘 콘텐츠 추가 완료
단어: 5 개
문법: 0 개
Step 0 done: JLPT content added.
Step 1: generate card images.
Image generated: assets/images\ganko.png
Image generated: assets/images\kanshi.png
Image generated: assets/images\kanshou.png
Image generated: assets/images\ganjou.png
Image generated: assets/images\kanjin.png
Step 1 done: images generated.
Step 2: generate TTS audio.

==================================================
TTS 처리: 1/5
단어: 頑固
히라가나: がんこ
뜻: 고집
==================================================
TTS 생성 시도 1/3: assets/audio\ganko_jp.mp3
TTS 생성 성공: assets/audio\ganko_jp.mp3 (10800 bytes)
TTS 생성 시도 1/3: assets/audio\ganko_kr.mp3
TTS 생성 성공: assets/audio\ganko_kr.mp3 (10368 bytes)

단어 TTS 생성 완료
일본어: assets/audio\ganko_jp.mp3
한국어: assets/audio\ganko_kr.mp3

==================================================
TTS 처리: 2/5
단어: 監視
히라가나: かんし
뜻: 관찰, 경비, 감시
==================================================
TTS 생성 시도 1/3: assets/audio\kanshi_jp.mp3
TTS 생성 성공: assets/audio\kanshi_jp.mp3 (11088 bytes)
TTS 생성 시도 1/3: assets/audio\kanshi_kr.mp3
TTS 생성 성공: assets/audio\kanshi_kr.mp3 (26064 bytes)

단어 TTS 생성 완료
일본어: assets/audio\kanshi_jp.mp3
한국어: assets/audio\kanshi_kr.mp3

==================================================
TTS 처리: 3/5
단어: 干渉
히라가나: かんしょう
뜻: 간섭, 개입
==================================================
TTS 생성 시도 1/3: assets/audio\kanshou_jp.mp3
TTS 생성 성공: assets/audio\kanshou_jp.mp3 (11808 bytes)
TTS 생성 시도 1/3: assets/audio\kanshou_kr.mp3
TTS 생성 성공: assets/audio\kanshou_kr.mp3 (16560 bytes)

단어 TTS 생성 완료
일본어: assets/audio\kanshou_jp.mp3
한국어: assets/audio\kanshou_kr.mp3

==================================================
TTS 처리: 4/5
단어: 頑丈
히라가나: がんじょう
뜻: 견고한, 확고한, 강한
==================================================
TTS 생성 시도 1/3: assets/audio\ganjou_jp.mp3
TTS 생성 성공: assets/audio\ganjou_jp.mp3 (11520 bytes)
TTS 생성 시도 1/3: assets/audio\ganjou_kr.mp3
TTS 생성 성공: assets/audio\ganjou_kr.mp3 (24768 bytes)

단어 TTS 생성 완료
일본어: assets/audio\ganjou_jp.mp3
한국어: assets/audio\ganjou_kr.mp3

==================================================
TTS 처리: 5/5
단어: 肝心
히라가나: かんじん
뜻: 본질적인, 근본적인, 결정적인
==================================================
TTS 생성 시도 1/3: assets/audio\kanjin_jp.mp3
TTS 생성 성공: assets/audio\kanjin_jp.mp3 (11088 bytes)
TTS 생성 시도 1/3: assets/audio\kanjin_kr.mp3
TTS 생성 성공: assets/audio\kanjin_kr.mp3 (30672 bytes)

단어 TTS 생성 완료
일본어: assets/audio\kanjin_jp.mp3
한국어: assets/audio\kanjin_kr.mp3

==================================================
전체 TTS 음성 생성 완료
==================================================
Step 2 done: TTS generated.
Step 3: generate shorts videos.
MoviePy - Building video output/videos\ganko.mp4.
MoviePy - Writing audio in gankoTEMP_MPY_wvf_snd.mp4
MoviePy - Done.
MoviePy - Writing video output/videos\ganko.mp4

MoviePy - Done !
MoviePy - video ready output/videos\ganko.mp4
영상 생성 완료: output/videos\ganko.mp4
MoviePy - Building video output/videos\kanshi.mp4.
MoviePy - Writing audio in kanshiTEMP_MPY_wvf_snd.mp4
MoviePy - Done.
MoviePy - Writing video output/videos\kanshi.mp4

MoviePy - Done !
MoviePy - video ready output/videos\kanshi.mp4
영상 생성 완료: output/videos\kanshi.mp4
MoviePy - Building video output/videos\kanshou.mp4.
MoviePy - Writing audio in kanshouTEMP_MPY_wvf_snd.mp4
MoviePy - Done.
MoviePy - Writing video output/videos\kanshou.mp4

MoviePy - Done !
MoviePy - video ready output/videos\kanshou.mp4
영상 생성 완료: output/videos\kanshou.mp4
MoviePy - Building video output/videos\ganjou.mp4.
MoviePy - Writing audio in ganjouTEMP_MPY_wvf_snd.mp4
MoviePy - Done.
MoviePy - Writing video output/videos\ganjou.mp4

MoviePy - Done !
MoviePy - video ready output/videos\ganjou.mp4
영상 생성 완료: output/videos\ganjou.mp4
MoviePy - Building video output/videos\kanjin.mp4.
MoviePy - Writing audio in kanjinTEMP_MPY_wvf_snd.mp4
MoviePy - Done.
MoviePy - Writing video output/videos\kanjin.mp4

MoviePy - Done !
MoviePy - video ready output/videos\kanjin.mp4
영상 생성 완료: output/videos\kanjin.mp4
전체 영상 생성 완료
Step 3 done: shorts videos generated.
Step 4: generate the combined day video.
{'type': 'vocab', 'word': '頑固', 'hiragana': 'がんこ', 'meaning': '고집', 'romaji': 'ganko', 'background_path': 'assets/backgrounds/default.jpg', 'level': 'N1'}
추가된 영상: output/videos\ganko.mp4
{'type': 'vocab', 'word': '監視', 'hiragana': 'かんし', 'meaning': '관찰, 경비, 감시', 'romaji': 'kanshi', 'background_path': 'assets/backgrounds/default.jpg', 'level': 'N1'}
추가된 영상: output/videos\kanshi.mp4
{'type': 'vocab', 'word': '干渉', 'hiragana': 'かんしょう', 'meaning': '간섭, 개입', 'romaji': 'kanshou', 'background_path': 'assets/backgrounds/default.jpg', 'level': 'N1'}
추가된 영상: output/videos\kanshou.mp4
{'type': 'vocab', 'word': '頑丈', 'hiragana': 'がんじょう', 'meaning': '견고한, 확고한, 강한', 'romaji': 'ganjou', 'background_path': 'assets/backgrounds/default.jpg', 'level': 'N1'}
추가된 영상: output/videos\ganjou.mp4
{'type': 'vocab', 'word': '肝心', 'hiragana': 'かんじん', 'meaning': '본질적인, 근본적인, 결정적인', 'romaji': 'kanjin', 'background_path': 'assets/backgrounds/default.jpg', 'level': 'N1'}
추가된 영상: output/videos\kanjin.mp4
총 클립 개수: 5
MoviePy - Building video output/day_videos\N1\N1_DAY_051.mp4.
MoviePy - Writing audio in N1_DAY_051TEMP_MPY_wvf_snd.mp4
MoviePy - Done.
MoviePy - Writing video output/day_videos\N1\N1_DAY_051.mp4

MoviePy - Done !
MoviePy - video ready output/day_videos\N1\N1_DAY_051.mp4
N1 DAY 영상 생성 완료: output/day_videos\N1\N1_DAY_051.mp4
Step 4 done: day video generated.
Step 5: generate thumbnail.
Thumbnail generated: output/thumbnails\N1_DAY_051.jpg
Step 5 done: thumbnail generated.
N1 DAY incremented: 52
N1 generation done
N2 start
N2 current day: 050
Prep: cleaning JLPT CSV meaning fields.
data/jlpt_n1_vocab.csv ?? ?? / ??: 0 ?
data/jlpt_n2_vocab.csv ?? ?? / ??: 0 ?
data/jlpt_n3_vocab.csv ?? ?? / ??: 0 ?
data/jlpt_n4_vocab.csv ?? ?? / ??: 0 ?
data/jlpt_n5_vocab.csv ?? ?? / ??: 0 ?
?? meaning ?? ??
Prep done: JLPT CSV meaning cleanup complete.
Step 0: add today's JLPT word/grammar items from CSV.
words.json 초기화 완료
N2 미사용 단어 후보 수: 1616
N2 미사용 문법 후보 수: 0
단어 추가 완료: 乗車
단어 추가 완료: 焦点
단어 추가 완료: 勝敗
단어 추가 완료: 蒸発
단어 추가 완료: 賞品
CSV 사용 상태 저장 완료: data\jlpt_n2_vocab.csv
CSV 사용 상태 저장 완료: data\jlpt_n2_grammar.csv
N2 오늘 콘텐츠 추가 완료
단어: 5 개
문법: 0 개
Step 0 done: JLPT content added.
Step 1: generate card images.
Image generated: assets/images\jousha.png
Image generated: assets/images\shouten_2.png
Image generated: assets/images\shouhai.png
Image generated: assets/images\jouhatsu.png
Image generated: assets/images\shouhin.png
Step 1 done: images generated.
Step 2: generate TTS audio.

==================================================
TTS 처리: 1/5
단어: 乗車
히라가나: じょうしゃ
뜻: 기차를 타다, 연행하다
==================================================
TTS 생성 시도 1/3: assets/audio\jousha_jp.mp3
TTS 생성 성공: assets/audio\jousha_jp.mp3 (11232 bytes)
TTS 생성 시도 1/3: assets/audio\jousha_kr.mp3
TTS 생성 성공: assets/audio\jousha_kr.mp3 (27216 bytes)

단어 TTS 생성 완료
일본어: assets/audio\jousha_jp.mp3
한국어: assets/audio\jousha_kr.mp3

==================================================
TTS 처리: 2/5
단어: 焦点
히라가나: しょうてん
뜻: 초점, 포인트
==================================================
TTS 생성 시도 1/3: assets/audio\shouten_2_jp.mp3
TTS 생성 성공: assets/audio\shouten_2_jp.mp3 (11664 bytes)
TTS 생성 시도 1/3: assets/audio\shouten_2_kr.mp3
TTS 생성 성공: assets/audio\shouten_2_kr.mp3 (18144 bytes)

단어 TTS 생성 완료
일본어: assets/audio\shouten_2_jp.mp3
한국어: assets/audio\shouten_2_kr.mp3

==================================================
TTS 처리: 3/5
단어: 勝敗
히라가나: しょうはい
뜻: 승리 또는 패배, 문제 (전투의)
==================================================
TTS 생성 시도 1/3: assets/audio\shouhai_jp.mp3
TTS 생성 성공: assets/audio\shouhai_jp.mp3 (11520 bytes)
TTS 생성 시도 1/3: assets/audio\shouhai_kr.mp3
TTS 생성 성공: assets/audio\shouhai_kr.mp3 (27216 bytes)

단어 TTS 생성 완료
일본어: assets/audio\shouhai_jp.mp3
한국어: assets/audio\shouhai_kr.mp3

==================================================
TTS 처리: 4/5
단어: 蒸発
히라가나: じょうはつ
뜻: 증발, 설명할 수 없는 실종
==================================================
TTS 생성 시도 1/3: assets/audio\jouhatsu_jp.mp3
TTS 생성 성공: assets/audio\jouhatsu_jp.mp3 (12096 bytes)
TTS 생성 시도 1/3: assets/audio\jouhatsu_kr.mp3
TTS 생성 성공: assets/audio\jouhatsu_kr.mp3 (24192 bytes)

단어 TTS 생성 완료
일본어: assets/audio\jouhatsu_jp.mp3
한국어: assets/audio\jouhatsu_kr.mp3

==================================================
TTS 처리: 5/5
단어: 賞品
히라가나: しょうひん
뜻: 상금, 트로피
==================================================
TTS 생성 시도 1/3: assets/audio\shouhin_jp.mp3
TTS 생성 성공: assets/audio\shouhin_jp.mp3 (11520 bytes)
TTS 생성 시도 1/3: assets/audio\shouhin_kr.mp3
TTS 생성 성공: assets/audio\shouhin_kr.mp3 (18000 bytes)

단어 TTS 생성 완료
일본어: assets/audio\shouhin_jp.mp3
한국어: assets/audio\shouhin_kr.mp3

==================================================
전체 TTS 음성 생성 완료
==================================================
Step 2 done: TTS generated.
Step 3: generate shorts videos.
MoviePy - Building video output/videos\jousha.mp4.
MoviePy - Writing audio in joushaTEMP_MPY_wvf_snd.mp4
MoviePy - Done.
MoviePy - Writing video output/videos\jousha.mp4

MoviePy - Done !
MoviePy - video ready output/videos\jousha.mp4
영상 생성 완료: output/videos\jousha.mp4
MoviePy - Building video output/videos\shouten_2.mp4.
MoviePy - Writing audio in shouten_2TEMP_MPY_wvf_snd.mp4
MoviePy - Done.
MoviePy - Writing video output/videos\shouten_2.mp4

MoviePy - Done !
MoviePy - video ready output/videos\shouten_2.mp4
영상 생성 완료: output/videos\shouten_2.mp4
MoviePy - Building video output/videos\shouhai.mp4.
MoviePy - Writing audio in shouhaiTEMP_MPY_wvf_snd.mp4
MoviePy - Done.
MoviePy - Writing video output/videos\shouhai.mp4

MoviePy - Done !
MoviePy - video ready output/videos\shouhai.mp4
영상 생성 완료: output/videos\shouhai.mp4
MoviePy - Building video output/videos\jouhatsu.mp4.
MoviePy - Writing audio in jouhatsuTEMP_MPY_wvf_snd.mp4
MoviePy - Done.
MoviePy - Writing video output/videos\jouhatsu.mp4

MoviePy - Done !
MoviePy - video ready output/videos\jouhatsu.mp4
영상 생성 완료: output/videos\jouhatsu.mp4
MoviePy - Building video output/videos\shouhin.mp4.
MoviePy - Writing audio in shouhinTEMP_MPY_wvf_snd.mp4
MoviePy - Done.
MoviePy - Writing video output/videos\shouhin.mp4

MoviePy - Done !
MoviePy - video ready output/videos\shouhin.mp4
영상 생성 완료: output/videos\shouhin.mp4
전체 영상 생성 완료
Step 3 done: shorts videos generated.
Step 4: generate the combined day video.
{'type': 'vocab', 'word': '乗車', 'hiragana': 'じょうしゃ', 'meaning': '기차를 타다, 연행하다', 'romaji': 'jousha', 'background_path': 'assets/backgrounds/default.jpg', 'level': 'N2'}
추가된 영상: output/videos\jousha.mp4
{'type': 'vocab', 'word': '焦点', 'hiragana': 'しょうてん', 'meaning': '초점, 포인트', 'romaji': 'shouten_2', 'background_path': 'assets/backgrounds/default.jpg', 'level': 'N2'}
추가된 영상: output/videos\shouten_2.mp4
{'type': 'vocab', 'word': '勝敗', 'hiragana': 'しょうはい', 'meaning': '승리 또는 패배, 문제 (전투의)', 'romaji': 'shouhai', 'background_path': 'assets/backgrounds/default.jpg', 'level': 'N2'}
추가된 영상: output/videos\shouhai.mp4
{'type': 'vocab', 'word': '蒸発', 'hiragana': 'じょうはつ', 'meaning': '증발, 설명할 수 없는 실종', 'romaji': 'jouhatsu', 'background_path': 'assets/backgrounds/default.jpg', 'level': 'N2'}
추가된 영상: output/videos\jouhatsu.mp4
{'type': 'vocab', 'word': '賞品', 'hiragana': 'しょうひん', 'meaning': '상금, 트로피', 'romaji': 'shouhin', 'background_path': 'assets/backgrounds/default.jpg', 'level': 'N2'}
추가된 영상: output/videos\shouhin.mp4
총 클립 개수: 5
MoviePy - Building video output/day_videos\N2\N2_DAY_050.mp4.
MoviePy - Writing audio in N2_DAY_050TEMP_MPY_wvf_snd.mp4
MoviePy - Done.
MoviePy - Writing video output/day_videos\N2\N2_DAY_050.mp4

MoviePy - Done !
MoviePy - video ready output/day_videos\N2\N2_DAY_050.mp4
N2 DAY 영상 생성 완료: output/day_videos\N2\N2_DAY_050.mp4
Step 4 done: day video generated.
Step 5: generate thumbnail.
Thumbnail generated: output/thumbnails\N2_DAY_050.jpg
Step 5 done: thumbnail generated.
N2 DAY incremented: 51
N2 generation done
N3 start
N3 current day: 050
Prep: cleaning JLPT CSV meaning fields.
data/jlpt_n1_vocab.csv ?? ?? / ??: 0 ?
data/jlpt_n2_vocab.csv ?? ?? / ??: 0 ?
data/jlpt_n3_vocab.csv ?? ?? / ??: 0 ?
data/jlpt_n4_vocab.csv ?? ?? / ??: 0 ?
data/jlpt_n5_vocab.csv ?? ?? / ??: 0 ?
?? meaning ?? ??
Prep done: JLPT CSV meaning cleanup complete.
Step 0: add today's JLPT word/grammar items from CSV.
words.json 초기화 완료
N3 미사용 단어 후보 수: 1869
N3 미사용 문법 후보 수: 18
단어 추가 완료: 諦める
단어 추가 완료: 飽きる
단어 추가 완료: 握手
단어 추가 완료: 悪魔
단어 추가 완료: 明ける
단어 추가 완료: ～というわけではない
단어 추가 완료: ～とは限らない
CSV 사용 상태 저장 완료: data\jlpt_n3_vocab.csv
CSV 사용 상태 저장 완료: data\jlpt_n3_grammar.csv
N3 오늘 콘텐츠 추가 완료
단어: 5 개
문법: 2 개
Step 0 done: JLPT content added.
Step 1: generate card images.
Image generated: assets/images\akirameru.png
Image generated: assets/images\akiru.png
Image generated: assets/images\akushu.png
Image generated: assets/images\akuma.png
Image generated: assets/images\akeru.png
Image generated: assets/images\toiuwakedewanai.png
Image generated: assets/images\towakagiranai.png
Step 1 done: images generated.
Step 2: generate TTS audio.

==================================================
TTS 처리: 1/7
단어: 諦める
히라가나: あきらめる
뜻: 포기하다
==================================================
TTS 생성 시도 1/3: assets/audio\akirameru_jp.mp3
TTS 생성 성공: assets/audio\akirameru_jp.mp3 (12384 bytes)
TTS 생성 시도 1/3: assets/audio\akirameru_kr.mp3
TTS 생성 성공: assets/audio\akirameru_kr.mp3 (14832 bytes)

단어 TTS 생성 완료
일본어: assets/audio\akirameru_jp.mp3
한국어: assets/audio\akirameru_kr.mp3

==================================================
TTS 처리: 2/7
단어: 飽きる
히라가나: あきる
뜻: 싫증내다, 흥미를 잃다
==================================================
TTS 생성 시도 1/3: assets/audio\akiru_jp.mp3
TTS 생성 성공: assets/audio\akiru_jp.mp3 (10800 bytes)
TTS 생성 시도 1/3: assets/audio\akiru_kr.mp3
TTS 생성 성공: assets/audio\akiru_kr.mp3 (24768 bytes)

단어 TTS 생성 완료
일본어: assets/audio\akiru_jp.mp3
한국어: assets/audio\akiru_kr.mp3

==================================================
TTS 처리: 3/7
단어: 握手
히라가나: あくしゅ
뜻: 악수
==================================================
TTS 생성 시도 1/3: assets/audio\akushu_jp.mp3
TTS 생성 성공: assets/audio\akushu_jp.mp3 (10800 bytes)
TTS 생성 시도 1/3: assets/audio\akushu_kr.mp3
TTS 생성 성공: assets/audio\akushu_kr.mp3 (11808 bytes)

단어 TTS 생성 완료
일본어: assets/audio\akushu_jp.mp3
한국어: assets/audio\akushu_kr.mp3

==================================================
TTS 처리: 4/7
단어: 悪魔
히라가나: あくま
뜻: 악마, 악령
==================================================
TTS 생성 시도 1/3: assets/audio\akuma_jp.mp3
TTS 생성 성공: assets/audio\akuma_jp.mp3 (10656 bytes)
TTS 생성 시도 1/3: assets/audio\akuma_kr.mp3
TTS 생성 성공: assets/audio\akuma_kr.mp3 (17424 bytes)

단어 TTS 생성 완료
일본어: assets/audio\akuma_jp.mp3
한국어: assets/audio\akuma_kr.mp3

==================================================
TTS 처리: 5/7
단어: 明ける
히라가나: あける
뜻: 새벽이 되다, 대낮이 되다
==================================================
TTS 생성 시도 1/3: assets/audio\akeru_jp.mp3
TTS 생성 성공: assets/audio\akeru_jp.mp3 (10656 bytes)
TTS 생성 시도 1/3: assets/audio\akeru_kr.mp3
TTS 생성 성공: assets/audio\akeru_kr.mp3 (26352 bytes)

단어 TTS 생성 완료
일본어: assets/audio\akeru_jp.mp3
한국어: assets/audio\akeru_kr.mp3

==================================================
TTS 처리: 6/7
단어: ～というわけではない
히라가나: ～というわけではない
뜻: ～라는 것은 아니다
==================================================
TTS 생성 시도 1/3: assets/audio\toiuwakedewanai_jp.mp3
TTS 생성 성공: assets/audio\toiuwakedewanai_jp.mp3 (15696 bytes)
TTS 생성 시도 1/3: assets/audio\toiuwakedewanai_kr.mp3
TTS 생성 성공: assets/audio\toiuwakedewanai_kr.mp3 (16272 bytes)

단어 TTS 생성 완료
일본어: assets/audio\toiuwakedewanai_jp.mp3
한국어: assets/audio\toiuwakedewanai_kr.mp3

==================================================
TTS 처리: 7/7
단어: ～とは限らない
히라가나: ～とはかぎらない
뜻: ～라고만 할 수는 없다
==================================================
TTS 생성 시도 1/3: assets/audio\towakagiranai_jp.mp3
TTS 생성 성공: assets/audio\towakagiranai_jp.mp3 (14256 bytes)
TTS 생성 시도 1/3: assets/audio\towakagiranai_kr.mp3
TTS 생성 성공: assets/audio\towakagiranai_kr.mp3 (17424 bytes)

단어 TTS 생성 완료
일본어: assets/audio\towakagiranai_jp.mp3
한국어: assets/audio\towakagiranai_kr.mp3

==================================================
전체 TTS 음성 생성 완료
==================================================
Step 2 done: TTS generated.
Step 3: generate shorts videos.
MoviePy - Building video output/videos\akirameru.mp4.
MoviePy - Writing audio in akirameruTEMP_MPY_wvf_snd.mp4
MoviePy - Done.
MoviePy - Writing video output/videos\akirameru.mp4

MoviePy - Done !
MoviePy - video ready output/videos\akirameru.mp4
영상 생성 완료: output/videos\akirameru.mp4
MoviePy - Building video output/videos\akiru.mp4.
MoviePy - Writing audio in akiruTEMP_MPY_wvf_snd.mp4
MoviePy - Done.
MoviePy - Writing video output/videos\akiru.mp4

MoviePy - Done !
MoviePy - video ready output/videos\akiru.mp4
영상 생성 완료: output/videos\akiru.mp4
MoviePy - Building video output/videos\akushu.mp4.
MoviePy - Writing audio in akushuTEMP_MPY_wvf_snd.mp4
MoviePy - Done.
MoviePy - Writing video output/videos\akushu.mp4

MoviePy - Done !
MoviePy - video ready output/videos\akushu.mp4
영상 생성 완료: output/videos\akushu.mp4
MoviePy - Building video output/videos\akuma.mp4.
MoviePy - Writing audio in akumaTEMP_MPY_wvf_snd.mp4
MoviePy - Done.
MoviePy - Writing video output/videos\akuma.mp4

MoviePy - Done !
MoviePy - video ready output/videos\akuma.mp4
영상 생성 완료: output/videos\akuma.mp4
MoviePy - Building video output/videos\akeru.mp4.
MoviePy - Writing audio in akeruTEMP_MPY_wvf_snd.mp4
MoviePy - Done.
MoviePy - Writing video output/videos\akeru.mp4

MoviePy - Done !
MoviePy - video ready output/videos\akeru.mp4
영상 생성 완료: output/videos\akeru.mp4
MoviePy - Building video output/videos\toiuwakedewanai.mp4.
MoviePy - Writing audio in toiuwakedewanaiTEMP_MPY_wvf_snd.mp4
MoviePy - Done.
MoviePy - Writing video output/videos\toiuwakedewanai.mp4

MoviePy - Done !
MoviePy - video ready output/videos\toiuwakedewanai.mp4
영상 생성 완료: output/videos\toiuwakedewanai.mp4
MoviePy - Building video output/videos\towakagiranai.mp4.
MoviePy - Writing audio in towakagiranaiTEMP_MPY_wvf_snd.mp4
MoviePy - Done.
MoviePy - Writing video output/videos\towakagiranai.mp4

MoviePy - Done !
MoviePy - video ready output/videos\towakagiranai.mp4
영상 생성 완료: output/videos\towakagiranai.mp4
전체 영상 생성 완료
Step 3 done: shorts videos generated.
Step 4: generate the combined day video.
{'type': 'vocab', 'word': '諦める', 'hiragana': 'あきらめる', 'meaning': '포기하다', 'romaji': 'akirameru', 'background_path': 'assets/backgrounds/default.jpg', 'level': 'N3'}
추가된 영상: output/videos\akirameru.mp4
{'type': 'vocab', 'word': '飽きる', 'hiragana': 'あきる', 'meaning': '싫증내다, 흥미를 잃다', 'romaji': 'akiru', 'background_path': 'assets/backgrounds/default.jpg', 'level': 'N3'}
추가된 영상: output/videos\akiru.mp4
{'type': 'vocab', 'word': '握手', 'hiragana': 'あくしゅ', 'meaning': '악수', 'romaji': 'akushu', 'background_path': 'assets/backgrounds/default.jpg', 'level': 'N3'}
추가된 영상: output/videos\akushu.mp4
{'type': 'vocab', 'word': '悪魔', 'hiragana': 'あくま', 'meaning': '악마, 악령', 'romaji': 'akuma', 'background_path': 'assets/backgrounds/default.jpg', 'level': 'N3'}
추가된 영상: output/videos\akuma.mp4
{'type': 'vocab', 'word': '明ける', 'hiragana': 'あける', 'meaning': '새벽이 되다, 대낮이 되다', 'romaji': 'akeru', 'background_path': 'assets/backgrounds/default.jpg', 'level': 'N3'}
추가된 영상: output/videos\akeru.mp4
{'type': 'grammar', 'word': '～というわけではない', 'hiragana': '～というわけではない', 'meaning': '～라는 것은 아니다', 'romaji': 'toiuwakedewanai', 'background_path': 'assets/backgrounds/default.jpg', 'level': 'N3'}
추가된 영상: output/videos\toiuwakedewanai.mp4
{'type': 'grammar', 'word': '～とは限らない', 'hiragana': '～とはかぎらない', 'meaning': '～라고만 할 수는 없다', 'romaji': 'towakagiranai', 'background_path': 'assets/backgrounds/default.jpg', 'level': 'N3'}
추가된 영상: output/videos\towakagiranai.mp4
총 클립 개수: 7
MoviePy - Building video output/day_videos\N3\N3_DAY_050.mp4.
MoviePy - Writing audio in N3_DAY_050TEMP_MPY_wvf_snd.mp4
MoviePy - Done.
MoviePy - Writing video output/day_videos\N3\N3_DAY_050.mp4

MoviePy - Done !
MoviePy - video ready output/day_videos\N3\N3_DAY_050.mp4
N3 DAY 영상 생성 완료: output/day_videos\N3\N3_DAY_050.mp4
Step 4 done: day video generated.
Step 5: generate thumbnail.
Thumbnail generated: output/thumbnails\N3_DAY_050.jpg
Step 5 done: thumbnail generated.
N3 DAY incremented: 51
N3 generation done
N4 start
N4 current day: 050
Prep: cleaning JLPT CSV meaning fields.
data/jlpt_n1_vocab.csv ?? ?? / ??: 0 ?
data/jlpt_n2_vocab.csv ?? ?? / ??: 0 ?
data/jlpt_n3_vocab.csv ?? ?? / ??: 0 ?
data/jlpt_n4_vocab.csv ?? ?? / ??: 0 ?
data/jlpt_n5_vocab.csv ?? ?? / ??: 0 ?
?? meaning ?? ??
Prep done: JLPT CSV meaning cleanup complete.
Step 0: add today's JLPT word/grammar items from CSV.
words.json 초기화 완료
N4 미사용 단어 후보 수: 303
N4 미사용 문법 후보 수: 0
단어 추가 완료: 卒業
단어 추가 완료: それで
단어 추가 완료: 枝
단어 추가 완료: 専門
단어 추가 완료: そろそろ
CSV 사용 상태 저장 완료: data\jlpt_n4_vocab.csv
CSV 사용 상태 저장 완료: data\jlpt_n4_grammar.csv
N4 오늘 콘텐츠 추가 완료
단어: 5 개
문법: 0 개
Step 0 done: JLPT content added.
Step 1: generate card images.
Image generated: assets/images\sotsugyou.png
Image generated: assets/images\sorede.png
Image generated: assets/images\eda.png
Image generated: assets/images\senmon.png
Image generated: assets/images\sorosoro.png
Step 1 done: images generated.
Step 2: generate TTS audio.

==================================================
TTS 처리: 1/5
단어: 卒業
히라가나: そつぎょう
뜻: 눈금
==================================================
TTS 생성 시도 1/3: assets/audio\sotsugyou_jp.mp3
TTS 생성 성공: assets/audio\sotsugyou_jp.mp3 (12240 bytes)
TTS 생성 시도 1/3: assets/audio\sotsugyou_kr.mp3
TTS 생성 성공: assets/audio\sotsugyou_kr.mp3 (12384 bytes)

단어 TTS 생성 완료
일본어: assets/audio\sotsugyou_jp.mp3
한국어: assets/audio\sotsugyou_kr.mp3

==================================================
TTS 처리: 2/5
단어: それで
히라가나: それで
뜻: 그래서
==================================================
TTS 생성 시도 1/3: assets/audio\sorede_jp.mp3
TTS 생성 성공: assets/audio\sorede_jp.mp3 (10800 bytes)
TTS 생성 시도 1/3: assets/audio\sorede_kr.mp3
TTS 생성 성공: assets/audio\sorede_kr.mp3 (11808 bytes)

단어 TTS 생성 완료
일본어: assets/audio\sorede_jp.mp3
한국어: assets/audio\sorede_kr.mp3

==================================================
TTS 처리: 3/5
단어: 枝
히라가나: えだ
뜻: 가지, 나뭇가지
==================================================
TTS 생성 시도 1/3: assets/audio\eda_jp.mp3
TTS 생성 성공: assets/audio\eda_jp.mp3 (9504 bytes)
TTS 생성 시도 1/3: assets/audio\eda_kr.mp3
TTS 생성 성공: assets/audio\eda_kr.mp3 (18576 bytes)

단어 TTS 생성 완료
일본어: assets/audio\eda_jp.mp3
한국어: assets/audio\eda_kr.mp3

==================================================
TTS 처리: 4/5
단어: 専門
히라가나: せんもん
뜻: 주요한, 전문
==================================================
TTS 생성 시도 1/3: assets/audio\senmon_jp.mp3
TTS 생성 성공: assets/audio\senmon_jp.mp3 (11232 bytes)
TTS 생성 시도 1/3: assets/audio\senmon_kr.mp3
TTS 생성 성공: assets/audio\senmon_kr.mp3 (17712 bytes)

단어 TTS 생성 완료
일본어: assets/audio\senmon_jp.mp3
한국어: assets/audio\senmon_kr.mp3

==================================================
TTS 처리: 5/5
단어: そろそろ
히라가나: そろそろ
뜻: 점차적으로, 곧
==================================================
TTS 생성 시도 1/3: assets/audio\sorosoro_jp.mp3
TTS 생성 성공: assets/audio\sorosoro_jp.mp3 (12096 bytes)
TTS 생성 시도 1/3: assets/audio\sorosoro_kr.mp3
TTS 생성 성공: assets/audio\sorosoro_kr.mp3 (17856 bytes)

단어 TTS 생성 완료
일본어: assets/audio\sorosoro_jp.mp3
한국어: assets/audio\sorosoro_kr.mp3

==================================================
전체 TTS 음성 생성 완료
==================================================
Step 2 done: TTS generated.
Step 3: generate shorts videos.
MoviePy - Building video output/videos\sotsugyou.mp4.
MoviePy - Writing audio in sotsugyouTEMP_MPY_wvf_snd.mp4
MoviePy - Done.
MoviePy - Writing video output/videos\sotsugyou.mp4

MoviePy - Done !
MoviePy - video ready output/videos\sotsugyou.mp4
영상 생성 완료: output/videos\sotsugyou.mp4
MoviePy - Building video output/videos\sorede.mp4.
MoviePy - Writing audio in soredeTEMP_MPY_wvf_snd.mp4
MoviePy - Done.
MoviePy - Writing video output/videos\sorede.mp4

MoviePy - Done !
MoviePy - video ready output/videos\sorede.mp4
영상 생성 완료: output/videos\sorede.mp4
MoviePy - Building video output/videos\eda.mp4.
MoviePy - Writing audio in edaTEMP_MPY_wvf_snd.mp4
MoviePy - Done.
MoviePy - Writing video output/videos\eda.mp4

MoviePy - Done !
MoviePy - video ready output/videos\eda.mp4
영상 생성 완료: output/videos\eda.mp4
MoviePy - Building video output/videos\senmon.mp4.
MoviePy - Writing audio in senmonTEMP_MPY_wvf_snd.mp4
MoviePy - Done.
MoviePy - Writing video output/videos\senmon.mp4

MoviePy - Done !
MoviePy - video ready output/videos\senmon.mp4
영상 생성 완료: output/videos\senmon.mp4
MoviePy - Building video output/videos\sorosoro.mp4.
MoviePy - Writing audio in sorosoroTEMP_MPY_wvf_snd.mp4
MoviePy - Done.
MoviePy - Writing video output/videos\sorosoro.mp4

MoviePy - Done !
MoviePy - video ready output/videos\sorosoro.mp4
영상 생성 완료: output/videos\sorosoro.mp4
전체 영상 생성 완료
Step 3 done: shorts videos generated.
Step 4: generate the combined day video.
{'type': 'vocab', 'word': '卒業', 'hiragana': 'そつぎょう', 'meaning': '눈금', 'romaji': 'sotsugyou', 'background_path': 'assets/backgrounds/default.jpg', 'level': 'N4'}
추가된 영상: output/videos\sotsugyou.mp4
{'type': 'vocab', 'word': 'それで', 'hiragana': 'それで', 'meaning': '그래서', 'romaji': 'sorede', 'background_path': 'assets/backgrounds/default.jpg', 'level': 'N4'}
추가된 영상: output/videos\sorede.mp4
{'type': 'vocab', 'word': '枝', 'hiragana': 'えだ', 'meaning': '가지, 나뭇가지', 'romaji': 'eda', 'background_path': 'assets/backgrounds/default.jpg', 'level': 'N4'}
추가된 영상: output/videos\eda.mp4
{'type': 'vocab', 'word': '専門', 'hiragana': 'せんもん', 'meaning': '주요한, 전문', 'romaji': 'senmon', 'background_path': 'assets/backgrounds/default.jpg', 'level': 'N4'}
추가된 영상: output/videos\senmon.mp4
{'type': 'vocab', 'word': 'そろそろ', 'hiragana': 'そろそろ', 'meaning': '점차적으로, 곧', 'romaji': 'sorosoro', 'background_path': 'assets/backgrounds/default.jpg', 'level': 'N4'}
추가된 영상: output/videos\sorosoro.mp4
총 클립 개수: 5
MoviePy - Building video output/day_videos\N4\N4_DAY_050.mp4.
MoviePy - Writing audio in N4_DAY_050TEMP_MPY_wvf_snd.mp4
MoviePy - Done.
MoviePy - Writing video output/day_videos\N4\N4_DAY_050.mp4

MoviePy - Done !
MoviePy - video ready output/day_videos\N4\N4_DAY_050.mp4
N4 DAY 영상 생성 완료: output/day_videos\N4\N4_DAY_050.mp4
Step 4 done: day video generated.
Step 5: generate thumbnail.
Thumbnail generated: output/thumbnails\N4_DAY_050.jpg
Step 5 done: thumbnail generated.
N4 DAY incremented: 51
N4 generation done
N5 start
N5 current day: 050
Prep: cleaning JLPT CSV meaning fields.
data/jlpt_n1_vocab.csv ?? ?? / ??: 0 ?
data/jlpt_n2_vocab.csv ?? ?? / ??: 0 ?
data/jlpt_n3_vocab.csv ?? ?? / ??: 0 ?
data/jlpt_n4_vocab.csv ?? ?? / ??: 0 ?
data/jlpt_n5_vocab.csv ?? ?? / ??: 0 ?
?? meaning ?? ??
Prep done: JLPT CSV meaning cleanup complete.
Step 0: add today's JLPT word/grammar items from CSV.
words.json 초기화 완료
N5 미사용 단어 후보 수: 458
N5 미사용 문법 후보 수: 13
단어 추가 완료: 少ない
단어 추가 완료: 少し
단어 추가 완료: 涼しい
단어 추가 완료: ストーブ
단어 추가 완료: スプーン
단어 추가 완료: ～でしょう
단어 추가 완료: ～だろう
CSV 사용 상태 저장 완료: data\jlpt_n5_vocab.csv
CSV 사용 상태 저장 완료: data\jlpt_n5_grammar.csv
N5 오늘 콘텐츠 추가 완료
단어: 5 개
문법: 2 개
Step 0 done: JLPT content added.
Step 1: generate card images.
Image generated: assets/images\sukunai.png
Image generated: assets/images\sukoshi.png
Image generated: assets/images\suzushii.png
Image generated: assets/images\sutoobu.png
Image generated: assets/images\supuun.png
Image generated: assets/images\deshou.png
Image generated: assets/images\darou.png
Step 1 done: images generated.
Step 2: generate TTS audio.

==================================================
TTS 처리: 1/7
단어: 少ない
히라가나: すくない
뜻: 조금, 몇 가지
==================================================
TTS 생성 시도 1/3: assets/audio\sukunai_jp.mp3
TTS 생성 성공: assets/audio\sukunai_jp.mp3 (11520 bytes)
TTS 생성 시도 1/3: assets/audio\sukunai_kr.mp3
TTS 생성 성공: assets/audio\sukunai_kr.mp3 (17712 bytes)

단어 TTS 생성 완료
일본어: assets/audio\sukunai_jp.mp3
한국어: assets/audio\sukunai_kr.mp3

==================================================
TTS 처리: 2/7
단어: 少し
히라가나: すこし
뜻: 조금
==================================================
TTS 생성 시도 1/3: assets/audio\sukoshi_jp.mp3
TTS 생성 성공: assets/audio\sukoshi_jp.mp3 (11520 bytes)
TTS 생성 시도 1/3: assets/audio\sukoshi_kr.mp3
TTS 생성 성공: assets/audio\sukoshi_kr.mp3 (11232 bytes)

단어 TTS 생성 완료
일본어: assets/audio\sukoshi_jp.mp3
한국어: assets/audio\sukoshi_kr.mp3

==================================================
TTS 처리: 3/7
단어: 涼しい
히라가나: すずしい
뜻: 시원하다, 상쾌하다날씨에 따라
==================================================
TTS 생성 시도 1/3: assets/audio\suzushii_jp.mp3
TTS 생성 성공: assets/audio\suzushii_jp.mp3 (12384 bytes)
TTS 생성 시도 1/3: assets/audio\suzushii_kr.mp3
TTS 생성 성공: assets/audio\suzushii_kr.mp3 (28224 bytes)

단어 TTS 생성 완료
일본어: assets/audio\suzushii_jp.mp3
한국어: assets/audio\suzushii_kr.mp3

==================================================
TTS 처리: 4/7
단어: ストーブ
히라가나: ストーブ
뜻: 히터 점등 : 스토브
==================================================
TTS 생성 시도 1/3: assets/audio\sutoobu_jp.mp3
TTS 생성 성공: assets/audio\sutoobu_jp.mp3 (11376 bytes)
TTS 생성 시도 1/3: assets/audio\sutoobu_kr.mp3
TTS 생성 성공: assets/audio\sutoobu_kr.mp3 (19872 bytes)

단어 TTS 생성 완료
일본어: assets/audio\sutoobu_jp.mp3
한국어: assets/audio\sutoobu_kr.mp3

==================================================
TTS 처리: 5/7
단어: スプーン
히라가나: スプーン
뜻: 숟가락
==================================================
TTS 생성 시도 1/3: assets/audio\supuun_jp.mp3
TTS 생성 성공: assets/audio\supuun_jp.mp3 (11520 bytes)
TTS 생성 시도 1/3: assets/audio\supuun_kr.mp3
TTS 생성 성공: assets/audio\supuun_kr.mp3 (11520 bytes)

단어 TTS 생성 완료
일본어: assets/audio\supuun_jp.mp3
한국어: assets/audio\supuun_kr.mp3

==================================================
TTS 처리: 6/7
단어: ～でしょう
히라가나: ～でしょう
뜻: ～겠지요
==================================================
TTS 생성 시도 1/3: assets/audio\deshou_jp.mp3
TTS 생성 성공: assets/audio\deshou_jp.mp3 (10944 bytes)
TTS 생성 시도 1/3: assets/audio\deshou_kr.mp3
TTS 생성 성공: assets/audio\deshou_kr.mp3 (11376 bytes)

단어 TTS 생성 완료
일본어: assets/audio\deshou_jp.mp3
한국어: assets/audio\deshou_kr.mp3

==================================================
TTS 처리: 7/7
단어: ～だろう
히라가나: ～だろう
뜻: ～일 것이다
==================================================
TTS 생성 시도 1/3: assets/audio\darou_jp.mp3
TTS 생성 성공: assets/audio\darou_jp.mp3 (10368 bytes)
TTS 생성 시도 1/3: assets/audio\darou_kr.mp3
TTS 생성 성공: assets/audio\darou_kr.mp3 (13248 bytes)

단어 TTS 생성 완료
일본어: assets/audio\darou_jp.mp3
한국어: assets/audio\darou_kr.mp3

==================================================
전체 TTS 음성 생성 완료
==================================================
Step 2 done: TTS generated.
Step 3: generate shorts videos.
MoviePy - Building video output/videos\sukunai.mp4.
MoviePy - Writing audio in sukunaiTEMP_MPY_wvf_snd.mp4
MoviePy - Done.
MoviePy - Writing video output/videos\sukunai.mp4

MoviePy - Done !
MoviePy - video ready output/videos\sukunai.mp4
영상 생성 완료: output/videos\sukunai.mp4
MoviePy - Building video output/videos\sukoshi.mp4.
MoviePy - Writing audio in sukoshiTEMP_MPY_wvf_snd.mp4
MoviePy - Done.
MoviePy - Writing video output/videos\sukoshi.mp4

MoviePy - Done !
MoviePy - video ready output/videos\sukoshi.mp4
영상 생성 완료: output/videos\sukoshi.mp4
MoviePy - Building video output/videos\suzushii.mp4.
MoviePy - Writing audio in suzushiiTEMP_MPY_wvf_snd.mp4
MoviePy - Done.
MoviePy - Writing video output/videos\suzushii.mp4

MoviePy - Done !
MoviePy - video ready output/videos\suzushii.mp4
영상 생성 완료: output/videos\suzushii.mp4
MoviePy - Building video output/videos\sutoobu.mp4.
MoviePy - Writing audio in sutoobuTEMP_MPY_wvf_snd.mp4
MoviePy - Done.
MoviePy - Writing video output/videos\sutoobu.mp4

MoviePy - Done !
MoviePy - video ready output/videos\sutoobu.mp4
영상 생성 완료: output/videos\sutoobu.mp4
MoviePy - Building video output/videos\supuun.mp4.
MoviePy - Writing audio in supuunTEMP_MPY_wvf_snd.mp4
MoviePy - Done.
MoviePy - Writing video output/videos\supuun.mp4

MoviePy - Done !
MoviePy - video ready output/videos\supuun.mp4
영상 생성 완료: output/videos\supuun.mp4
MoviePy - Building video output/videos\deshou.mp4.
MoviePy - Writing audio in deshouTEMP_MPY_wvf_snd.mp4
MoviePy - Done.
MoviePy - Writing video output/videos\deshou.mp4

MoviePy - Done !
MoviePy - video ready output/videos\deshou.mp4
영상 생성 완료: output/videos\deshou.mp4
MoviePy - Building video output/videos\darou.mp4.
MoviePy - Writing audio in darouTEMP_MPY_wvf_snd.mp4
MoviePy - Done.
MoviePy - Writing video output/videos\darou.mp4

MoviePy - Done !
MoviePy - video ready output/videos\darou.mp4
영상 생성 완료: output/videos\darou.mp4
전체 영상 생성 완료
Step 3 done: shorts videos generated.
Step 4: generate the combined day video.
{'type': 'vocab', 'word': '少ない', 'hiragana': 'すくない', 'meaning': '조금, 몇 가지', 'romaji': 'sukunai', 'background_path': 'assets/backgrounds/default.jpg', 'level': 'N5'}
추가된 영상: output/videos\sukunai.mp4
{'type': 'vocab', 'word': '少し', 'hiragana': 'すこし', 'meaning': '조금', 'romaji': 'sukoshi', 'background_path': 'assets/backgrounds/default.jpg', 'level': 'N5'}
추가된 영상: output/videos\sukoshi.mp4
{'type': 'vocab', 'word': '涼しい', 'hiragana': 'すずしい', 'meaning': '시원하다, 상쾌하다날씨에 따라', 'romaji': 'suzushii', 'background_path': 'assets/backgrounds/default.jpg', 'level': 'N5'}
추가된 영상: output/videos\suzushii.mp4
{'type': 'vocab', 'word': 'ストーブ', 'hiragana': 'ストーブ', 'meaning': '히터 점등 : 스토브', 'romaji': 'sutoobu', 'background_path': 'assets/backgrounds/default.jpg', 'level': 'N5'}
추가된 영상: output/videos\sutoobu.mp4
{'type': 'vocab', 'word': 'スプーン', 'hiragana': 'スプーン', 'meaning': '숟가락', 'romaji': 'supuun', 'background_path': 'assets/backgrounds/default.jpg', 'level': 'N5'}
추가된 영상: output/videos\supuun.mp4
{'type': 'grammar', 'word': '～でしょう', 'hiragana': '～でしょう', 'meaning': '～겠지요', 'romaji': 'deshou', 'background_path': 'assets/backgrounds/default.jpg', 'level': 'N5'}
추가된 영상: output/videos\deshou.mp4
{'type': 'grammar', 'word': '～だろう', 'hiragana': '～だろう', 'meaning': '～일 것이다', 'romaji': 'darou', 'background_path': 'assets/backgrounds/default.jpg', 'level': 'N5'}
추가된 영상: output/videos\darou.mp4
총 클립 개수: 7
MoviePy - Building video output/day_videos\N5\N5_DAY_050.mp4.
MoviePy - Writing audio in N5_DAY_050TEMP_MPY_wvf_snd.mp4
MoviePy - Done.
MoviePy - Writing video output/day_videos\N5\N5_DAY_050.mp4

MoviePy - Done !
MoviePy - video ready output/day_videos\N5\N5_DAY_050.mp4
N5 DAY 영상 생성 완료: output/day_videos\N5\N5_DAY_050.mp4
Step 4 done: day video generated.
Step 5: generate thumbnail.
Thumbnail generated: output/thumbnails\N5_DAY_050.jpg
Step 5 done: thumbnail generated.
N5 DAY incremented: 51
N5 generation done
Step 6: upload to YouTube.
업로드 레벨: N1
업로드 DAY: 051
업로드 영상: output/day_videos\N1\N1_DAY_051.mp4
업로드 썸네일: output/thumbnails\N1_DAY_051.jpg
업로드 제목: JLPT N1 일본어 단어 + 문법 | DAY 051
업로드 완료
VIDEO ID: vx8kpWV_Vpo
썸네일 등록 완료
재생목록 등록 완료
Step 6 done: YouTube upload complete.
Step 6: upload to YouTube.
업로드 레벨: N2
업로드 DAY: 050
업로드 영상: output/day_videos\N2\N2_DAY_050.mp4
업로드 썸네일: output/thumbnails\N2_DAY_050.jpg
업로드 제목: JLPT N2 일본어 단어 + 문법 | DAY 050
업로드 완료
VIDEO ID: aUr3dRZQL4A
썸네일 등록 완료
재생목록 등록 완료
Step 6 done: YouTube upload complete.
Step 6: upload to YouTube.
업로드 레벨: N3
업로드 DAY: 050
업로드 영상: output/day_videos\N3\N3_DAY_050.mp4
업로드 썸네일: output/thumbnails\N3_DAY_050.jpg
업로드 제목: JLPT N3 일본어 단어 + 문법 | DAY 050
업로드 완료
VIDEO ID: 5McyOKn1W7U
썸네일 등록 완료
재생목록 등록 완료
Step 6 done: YouTube upload complete.
Step 6: upload to YouTube.
업로드 레벨: N4
업로드 DAY: 050
업로드 영상: output/day_videos\N4\N4_DAY_050.mp4
업로드 썸네일: output/thumbnails\N4_DAY_050.jpg
업로드 제목: JLPT N4 일본어 단어 + 문법 | DAY 050
업로드 완료
VIDEO ID: KoSEA2rx84k
썸네일 등록 완료
재생목록 등록 완료
Step 6 done: YouTube upload complete.
Step 6: upload to YouTube.
업로드 레벨: N5
업로드 DAY: 050
업로드 영상: output/day_videos\N5\N5_DAY_050.mp4
업로드 썸네일: output/thumbnails\N5_DAY_050.jpg
업로드 제목: JLPT N5 일본어 단어 + 문법 | DAY 050
업로드 완료
VIDEO ID: DQZZsDfVpwU
썸네일 등록 완료
재생목록 등록 완료
Step 6 done: YouTube upload complete.

[2026-06-30 16:41:08] START requested by launcher
JLPT Telegram bot server started.
N1 start
N1 current day: 053
Prep: cleaning JLPT CSV meaning fields.
data/jlpt_n1_vocab.csv ?? ?? / ??: 0 ?
data/jlpt_n2_vocab.csv ?? ?? / ??: 0 ?
data/jlpt_n3_vocab.csv ?? ?? / ??: 0 ?
data/jlpt_n4_vocab.csv ?? ?? / ??: 0 ?
data/jlpt_n5_vocab.csv ?? ?? / ??: 0 ?
?? meaning ?? ??
Prep done: JLPT CSV meaning cleanup complete.
Step 0: add today's JLPT word/grammar items from CSV.
words.json 초기화 완료
N1 미사용 단어 후보 수: 2425
N1 미사용 문법 후보 수: 100
단어 추가 완료: 危機
단어 추가 완료: 期日
단어 추가 완료: 気象
단어 추가 완료: 犠牲
단어 추가 완료: 議題
단어 추가 완료: 〜に即して
단어 추가 완료: 〜に照らして
CSV 사용 상태 저장 완료: data\jlpt_n1_vocab.csv
CSV 사용 상태 저장 완료: data\jlpt_n1_grammar.csv
N1 오늘 콘텐츠 추가 완료
단어: 5 개
문법: 2 개
Step 0 done: JLPT content added.
Step 1: generate card images.
Image generated: assets/images\kiki.png
Image generated: assets/images\kijitsu.png
Image generated: assets/images\kishou.png
Image generated: assets/images\gisei.png
Image generated: assets/images\gidai.png
Image generated: assets/images\ni_sokushite.png
Image generated: assets/images\ni_terashite.png
Step 1 done: images generated.
Step 2: generate TTS audio.

==================================================
TTS 처리: 1/7
단어: 危機
히라가나: きき
뜻: 위기
==================================================
TTS 생성 시도 1/3: assets/audio\kiki_jp.mp3
TTS 생성 성공: assets/audio\kiki_jp.mp3 (9792 bytes)
TTS 생성 시도 1/3: assets/audio\kiki_kr.mp3
TTS 생성 성공: assets/audio\kiki_kr.mp3 (10800 bytes)

단어 TTS 생성 완료
일본어: assets/audio\kiki_jp.mp3
한국어: assets/audio\kiki_kr.mp3

==================================================
TTS 처리: 2/7
단어: 期日
히라가나: きじつ
뜻: 확정일, 결산일
==================================================
TTS 생성 시도 1/3: assets/audio\kijitsu_jp.mp3
TTS 생성 성공: assets/audio\kijitsu_jp.mp3 (11376 bytes)
TTS 생성 시도 1/3: assets/audio\kijitsu_kr.mp3
TTS 생성 성공: assets/audio\kijitsu_kr.mp3 (20016 bytes)

단어 TTS 생성 완료
일본어: assets/audio\kijitsu_jp.mp3
한국어: assets/audio\kijitsu_kr.mp3

==================================================
TTS 처리: 3/7
단어: 気象
히라가나: きしょう
뜻: 날씨, 기후
==================================================
TTS 생성 시도 1/3: assets/audio\kishou_jp.mp3
TTS 생성 성공: assets/audio\kishou_jp.mp3 (10800 bytes)
TTS 생성 시도 1/3: assets/audio\kishou_kr.mp3
TTS 생성 성공: assets/audio\kishou_kr.mp3 (18432 bytes)

단어 TTS 생성 완료
일본어: assets/audio\kishou_jp.mp3
한국어: assets/audio\kishou_kr.mp3

==================================================
TTS 처리: 4/7
단어: 犠牲
히라가나: ぎせい
뜻: 희생
==================================================
TTS 생성 시도 1/3: assets/audio\gisei_jp.mp3
TTS 생성 성공: assets/audio\gisei_jp.mp3 (10944 bytes)
TTS 생성 시도 1/3: assets/audio\gisei_kr.mp3
TTS 생성 성공: assets/audio\gisei_kr.mp3 (11520 bytes)

단어 TTS 생성 완료
일본어: assets/audio\gisei_jp.mp3
한국어: assets/audio\gisei_kr.mp3

==================================================
TTS 처리: 5/7
단어: 議題
히라가나: ぎだい
뜻: 토론 주제, 안건
==================================================
TTS 생성 시도 1/3: assets/audio\gidai_jp.mp3
TTS 생성 성공: assets/audio\gidai_jp.mp3 (10656 bytes)
TTS 생성 시도 1/3: assets/audio\gidai_kr.mp3
TTS 생성 성공: assets/audio\gidai_kr.mp3 (19008 bytes)

단어 TTS 생성 완료
일본어: assets/audio\gidai_jp.mp3
한국어: assets/audio\gidai_kr.mp3

==================================================
TTS 처리: 6/7
단어: 〜に即して
히라가나: 〜にそくして
뜻: 〜에 입각하여
==================================================
TTS 생성 시도 1/3: assets/audio\ni_sokushite_jp.mp3
TTS 생성 성공: assets/audio\ni_sokushite_jp.mp3 (12960 bytes)
TTS 생성 시도 1/3: assets/audio\ni_sokushite_kr.mp3
TTS 생성 성공: assets/audio\ni_sokushite_kr.mp3 (14544 bytes)

단어 TTS 생성 완료
일본어: assets/audio\ni_sokushite_jp.mp3
한국어: assets/audio\ni_sokushite_kr.mp3

==================================================
TTS 처리: 7/7
단어: 〜に照らして
히라가나: 〜にてらして
뜻: 〜에 비추어
==================================================
TTS 생성 시도 1/3: assets/audio\ni_terashite_jp.mp3
TTS 생성 성공: assets/audio\ni_terashite_jp.mp3 (12672 bytes)
TTS 생성 시도 1/3: assets/audio\ni_terashite_kr.mp3
TTS 생성 성공: assets/audio\ni_terashite_kr.mp3 (13824 bytes)

단어 TTS 생성 완료
일본어: assets/audio\ni_terashite_jp.mp3
한국어: assets/audio\ni_terashite_kr.mp3

==================================================
전체 TTS 음성 생성 완료
==================================================
Step 2 done: TTS generated.
Step 3: generate shorts videos.
MoviePy - Building video output/videos\kiki.mp4.
MoviePy - Writing audio in kikiTEMP_MPY_wvf_snd.mp4
MoviePy - Done.
MoviePy - Writing video output/videos\kiki.mp4

MoviePy - Done !
MoviePy - video ready output/videos\kiki.mp4
영상 생성 완료: output/videos\kiki.mp4
MoviePy - Building video output/videos\kijitsu.mp4.
MoviePy - Writing audio in kijitsuTEMP_MPY_wvf_snd.mp4
MoviePy - Done.
MoviePy - Writing video output/videos\kijitsu.mp4

MoviePy - Done !
MoviePy - video ready output/videos\kijitsu.mp4
영상 생성 완료: output/videos\kijitsu.mp4
MoviePy - Building video output/videos\kishou.mp4.
MoviePy - Writing audio in kishouTEMP_MPY_wvf_snd.mp4
MoviePy - Done.
MoviePy - Writing video output/videos\kishou.mp4

MoviePy - Done !
MoviePy - video ready output/videos\kishou.mp4
영상 생성 완료: output/videos\kishou.mp4
MoviePy - Building video output/videos\gisei.mp4.
MoviePy - Writing audio in giseiTEMP_MPY_wvf_snd.mp4
MoviePy - Done.
MoviePy - Writing video output/videos\gisei.mp4

MoviePy - Done !
MoviePy - video ready output/videos\gisei.mp4
영상 생성 완료: output/videos\gisei.mp4
MoviePy - Building video output/videos\gidai.mp4.
MoviePy - Writing audio in gidaiTEMP_MPY_wvf_snd.mp4
MoviePy - Done.
MoviePy - Writing video output/videos\gidai.mp4

MoviePy - Done !
MoviePy - video ready output/videos\gidai.mp4
영상 생성 완료: output/videos\gidai.mp4
MoviePy - Building video output/videos\ni_sokushite.mp4.
MoviePy - Writing audio in ni_sokushiteTEMP_MPY_wvf_snd.mp4
MoviePy - Done.
MoviePy - Writing video output/videos\ni_sokushite.mp4

MoviePy - Done !
MoviePy - video ready output/videos\ni_sokushite.mp4
영상 생성 완료: output/videos\ni_sokushite.mp4
MoviePy - Building video output/videos\ni_terashite.mp4.
MoviePy - Writing audio in ni_terashiteTEMP_MPY_wvf_snd.mp4
MoviePy - Done.
MoviePy - Writing video output/videos\ni_terashite.mp4

MoviePy - Done !
MoviePy - video ready output/videos\ni_terashite.mp4
영상 생성 완료: output/videos\ni_terashite.mp4
전체 영상 생성 완료
Step 3 done: shorts videos generated.
Step 4: generate the combined day video.
{'type': 'vocab', 'word': '危機', 'hiragana': 'きき', 'meaning': '위기', 'romaji': 'kiki', 'background_path': 'assets/backgrounds/default.jpg', 'level': 'N1'}
추가된 영상: output/videos\kiki.mp4
{'type': 'vocab', 'word': '期日', 'hiragana': 'きじつ', 'meaning': '확정일, 결산일', 'romaji': 'kijitsu', 'background_path': 'assets/backgrounds/default.jpg', 'level': 'N1'}
추가된 영상: output/videos\kijitsu.mp4
{'type': 'vocab', 'word': '気象', 'hiragana': 'きしょう', 'meaning': '날씨, 기후', 'romaji': 'kishou', 'background_path': 'assets/backgrounds/default.jpg', 'level': 'N1'}
추가된 영상: output/videos\kishou.mp4
{'type': 'vocab', 'word': '犠牲', 'hiragana': 'ぎせい', 'meaning': '희생', 'romaji': 'gisei', 'background_path': 'assets/backgrounds/default.jpg', 'level': 'N1'}
추가된 영상: output/videos\gisei.mp4
{'type': 'vocab', 'word': '議題', 'hiragana': 'ぎだい', 'meaning': '토론 주제, 안건', 'romaji': 'gidai', 'background_path': 'assets/backgrounds/default.jpg', 'level': 'N1'}
추가된 영상: output/videos\gidai.mp4
{'type': 'grammar', 'word': '〜に即して', 'hiragana': '〜にそくして', 'meaning': '〜에 입각하여', 'romaji': 'ni_sokushite', 'background_path': 'assets/backgrounds/default.jpg', 'level': 'N1'}
추가된 영상: output/videos\ni_sokushite.mp4
{'type': 'grammar', 'word': '〜に照らして', 'hiragana': '〜にてらして', 'meaning': '〜에 비추어', 'romaji': 'ni_terashite', 'background_path': 'assets/backgrounds/default.jpg', 'level': 'N1'}
추가된 영상: output/videos\ni_terashite.mp4
총 클립 개수: 7
MoviePy - Building video output/day_videos\N1\N1_DAY_053.mp4.
MoviePy - Writing audio in N1_DAY_053TEMP_MPY_wvf_snd.mp4
MoviePy - Done.
MoviePy - Writing video output/day_videos\N1\N1_DAY_053.mp4

MoviePy - Done !
MoviePy - video ready output/day_videos\N1\N1_DAY_053.mp4
N1 DAY 영상 생성 완료: output/day_videos\N1\N1_DAY_053.mp4
Step 4 done: day video generated.
Step 5: generate thumbnail.
Thumbnail generated: output/thumbnails\N1_DAY_053.jpg
Step 5 done: thumbnail generated.
N1 DAY incremented: 54
N1 generation done
N1 start
N1 current day: 054
Prep: cleaning JLPT CSV meaning fields.
data/jlpt_n1_vocab.csv ?? ?? / ??: 0 ?
data/jlpt_n2_vocab.csv ?? ?? / ??: 0 ?
data/jlpt_n3_vocab.csv ?? ?? / ??: 0 ?
data/jlpt_n4_vocab.csv ?? ?? / ??: 0 ?
data/jlpt_n5_vocab.csv ?? ?? / ??: 0 ?
?? meaning ?? ??
Prep done: JLPT CSV meaning cleanup complete.
Step 0: add today's JLPT word/grammar items from CSV.
words.json 초기화 완료
N1 미사용 단어 후보 수: 2420
N1 미사용 문법 후보 수: 98
단어 추가 완료: 鍛える
단어 추가 완료: 来る
단어 추가 완료: 究極
단어 추가 완료: 救済
단어 추가 완료: 協会
단어 추가 완료: 〜と相まって
단어 추가 완료: 〜を禁じ得ない
CSV 사용 상태 저장 완료: data\jlpt_n1_vocab.csv
CSV 사용 상태 저장 완료: data\jlpt_n1_grammar.csv
N1 오늘 콘텐츠 추가 완료
단어: 5 개
문법: 2 개
Step 0 done: JLPT content added.
Step 1: generate card images.
Image generated: assets/images\kitaeru.png
Image generated: assets/images\kitaru.png
Image generated: assets/images\kyuukyoku.png
Image generated: assets/images\kyuusai.png
Image generated: assets/images\kyoukai.png
Image generated: assets/images\to_aimatte_2.png
Image generated: assets/images\wo_kinjienai_2.png
Step 1 done: images generated.
Step 2: generate TTS audio.

==================================================
TTS 처리: 1/7
단어: 鍛える
히라가나: きたえる
뜻: 위조하다, 훈련시키다
==================================================
TTS 생성 시도 1/3: assets/audio\kitaeru_jp.mp3
TTS 생성 성공: assets/audio\kitaeru_jp.mp3 (11664 bytes)
TTS 생성 시도 1/3: assets/audio\kitaeru_kr.mp3
TTS 생성 성공: assets/audio\kitaeru_kr.mp3 (26064 bytes)

단어 TTS 생성 완료
일본어: assets/audio\kitaeru_jp.mp3
한국어: assets/audio\kitaeru_kr.mp3

==================================================
TTS 처리: 2/7
단어: 来る
히라가나: きたる
뜻: 오다, 접근하다
==================================================
TTS 생성 시도 1/3: assets/audio\kitaru_jp.mp3
TTS 생성 성공: assets/audio\kitaru_jp.mp3 (10656 bytes)
TTS 생성 시도 1/3: assets/audio\kitaru_kr.mp3
TTS 생성 성공: assets/audio\kitaru_kr.mp3 (23616 bytes)

단어 TTS 생성 완료
일본어: assets/audio\kitaru_jp.mp3
한국어: assets/audio\kitaru_kr.mp3

==================================================
TTS 처리: 3/7
단어: 究極
히라가나: きゅうきょく
뜻: 궁극적인, 최종적인
==================================================
TTS 생성 시도 1/3: assets/audio\kyuukyoku_jp.mp3
TTS 생성 성공: assets/audio\kyuukyoku_jp.mp3 (12096 bytes)
TTS 생성 시도 1/3: assets/audio\kyuukyoku_kr.mp3
TTS 생성 성공: assets/audio\kyuukyoku_kr.mp3 (21600 bytes)

단어 TTS 생성 완료
일본어: assets/audio\kyuukyoku_jp.mp3
한국어: assets/audio\kyuukyoku_kr.mp3

==================================================
TTS 처리: 4/7
단어: 救済
히라가나: きゅうさい
뜻: 구호, 원조, 구조
==================================================
TTS 생성 시도 1/3: assets/audio\kyuusai_jp.mp3
TTS 생성 성공: assets/audio\kyuusai_jp.mp3 (11520 bytes)
TTS 생성 시도 1/3: assets/audio\kyuusai_kr.mp3
TTS 생성 성공: assets/audio\kyuusai_kr.mp3 (22896 bytes)

단어 TTS 생성 완료
일본어: assets/audio\kyuusai_jp.mp3
한국어: assets/audio\kyuusai_kr.mp3

==================================================
TTS 처리: 5/7
단어: 協会
히라가나: きょうかい
뜻: 협회, 사회, 조직
==================================================
TTS 생성 시도 1/3: assets/audio\kyoukai_jp.mp3
TTS 생성 성공: assets/audio\kyoukai_jp.mp3 (11232 bytes)
TTS 생성 시도 1/3: assets/audio\kyoukai_kr.mp3
TTS 생성 성공: assets/audio\kyoukai_kr.mp3 (21600 bytes)

단어 TTS 생성 완료
일본어: assets/audio\kyoukai_jp.mp3
한국어: assets/audio\kyoukai_kr.mp3

==================================================
TTS 처리: 6/7
단어: 〜と相まって
히라가나: 〜とあいまって
뜻: 〜와 맞물려
==================================================
TTS 생성 시도 1/3: assets/audio\to_aimatte_2_jp.mp3
TTS 생성 성공: assets/audio\to_aimatte_2_jp.mp3 (13536 bytes)
TTS 생성 시도 1/3: assets/audio\to_aimatte_2_kr.mp3
TTS 생성 성공: assets/audio\to_aimatte_2_kr.mp3 (13824 bytes)

단어 TTS 생성 완료
일본어: assets/audio\to_aimatte_2_jp.mp3
한국어: assets/audio\to_aimatte_2_kr.mp3

==================================================
TTS 처리: 7/7
단어: 〜を禁じ得ない
히라가나: 〜をきんじえない
뜻: 〜을 금할 수 없다
==================================================
TTS 생성 시도 1/3: assets/audio\wo_kinjienai_2_jp.mp3
TTS 생성 성공: assets/audio\wo_kinjienai_2_jp.mp3 (14112 bytes)
TTS 생성 시도 1/3: assets/audio\wo_kinjienai_2_kr.mp3
TTS 생성 성공: assets/audio\wo_kinjienai_2_kr.mp3 (16416 bytes)

단어 TTS 생성 완료
일본어: assets/audio\wo_kinjienai_2_jp.mp3
한국어: assets/audio\wo_kinjienai_2_kr.mp3

==================================================
전체 TTS 음성 생성 완료
==================================================
Step 2 done: TTS generated.
Step 3: generate shorts videos.
MoviePy - Building video output/videos\kitaeru.mp4.
MoviePy - Writing audio in kitaeruTEMP_MPY_wvf_snd.mp4
MoviePy - Done.
MoviePy - Writing video output/videos\kitaeru.mp4

MoviePy - Done !
MoviePy - video ready output/videos\kitaeru.mp4
영상 생성 완료: output/videos\kitaeru.mp4
MoviePy - Building video output/videos\kitaru.mp4.
MoviePy - Writing audio in kitaruTEMP_MPY_wvf_snd.mp4
MoviePy - Done.
MoviePy - Writing video output/videos\kitaru.mp4

MoviePy - Done !
MoviePy - video ready output/videos\kitaru.mp4
영상 생성 완료: output/videos\kitaru.mp4
MoviePy - Building video output/videos\kyuukyoku.mp4.
MoviePy - Writing audio in kyuukyokuTEMP_MPY_wvf_snd.mp4
MoviePy - Done.
MoviePy - Writing video output/videos\kyuukyoku.mp4

MoviePy - Done !
MoviePy - video ready output/videos\kyuukyoku.mp4
영상 생성 완료: output/videos\kyuukyoku.mp4
MoviePy - Building video output/videos\kyuusai.mp4.
MoviePy - Writing audio in kyuusaiTEMP_MPY_wvf_snd.mp4
MoviePy - Done.
MoviePy - Writing video output/videos\kyuusai.mp4

MoviePy - Done !
MoviePy - video ready output/videos\kyuusai.mp4
영상 생성 완료: output/videos\kyuusai.mp4
MoviePy - Building video output/videos\kyoukai.mp4.
MoviePy - Writing audio in kyoukaiTEMP_MPY_wvf_snd.mp4
MoviePy - Done.
MoviePy - Writing video output/videos\kyoukai.mp4

MoviePy - Done !
MoviePy - video ready output/videos\kyoukai.mp4
영상 생성 완료: output/videos\kyoukai.mp4
MoviePy - Building video output/videos\to_aimatte_2.mp4.
MoviePy - Writing audio in to_aimatte_2TEMP_MPY_wvf_snd.mp4
MoviePy - Done.
MoviePy - Writing video output/videos\to_aimatte_2.mp4

MoviePy - Done !
MoviePy - video ready output/videos\to_aimatte_2.mp4
영상 생성 완료: output/videos\to_aimatte_2.mp4
MoviePy - Building video output/videos\wo_kinjienai_2.mp4.
MoviePy - Writing audio in wo_kinjienai_2TEMP_MPY_wvf_snd.mp4
MoviePy - Done.
MoviePy - Writing video output/videos\wo_kinjienai_2.mp4

MoviePy - Done !
MoviePy - video ready output/videos\wo_kinjienai_2.mp4
영상 생성 완료: output/videos\wo_kinjienai_2.mp4
전체 영상 생성 완료
Step 3 done: shorts videos generated.
Step 4: generate the combined day video.
{'type': 'vocab', 'word': '鍛える', 'hiragana': 'きたえる', 'meaning': '위조하다, 훈련시키다', 'romaji': 'kitaeru', 'background_path': 'assets/backgrounds/default.jpg', 'level': 'N1'}
추가된 영상: output/videos\kitaeru.mp4
{'type': 'vocab', 'word': '来る', 'hiragana': 'きたる', 'meaning': '오다, 접근하다', 'romaji': 'kitaru', 'background_path': 'assets/backgrounds/default.jpg', 'level': 'N1'}
추가된 영상: output/videos\kitaru.mp4
{'type': 'vocab', 'word': '究極', 'hiragana': 'きゅうきょく', 'meaning': '궁극적인, 최종적인', 'romaji': 'kyuukyoku', 'background_path': 'assets/backgrounds/default.jpg', 'level': 'N1'}
추가된 영상: output/videos\kyuukyoku.mp4
{'type': 'vocab', 'word': '救済', 'hiragana': 'きゅうさい', 'meaning': '구호, 원조, 구조', 'romaji': 'kyuusai', 'background_path': 'assets/backgrounds/default.jpg', 'level': 'N1'}
추가된 영상: output/videos\kyuusai.mp4
{'type': 'vocab', 'word': '協会', 'hiragana': 'きょうかい', 'meaning': '협회, 사회, 조직', 'romaji': 'kyoukai', 'background_path': 'assets/backgrounds/default.jpg', 'level': 'N1'}
추가된 영상: output/videos\kyoukai.mp4
{'type': 'grammar', 'word': '〜と相まって', 'hiragana': '〜とあいまって', 'meaning': '〜와 맞물려', 'romaji': 'to_aimatte_2', 'background_path': 'assets/backgrounds/default.jpg', 'level': 'N1'}
추가된 영상: output/videos\to_aimatte_2.mp4
{'type': 'grammar', 'word': '〜を禁じ得ない', 'hiragana': '〜をきんじえない', 'meaning': '〜을 금할 수 없다', 'romaji': 'wo_kinjienai_2', 'background_path': 'assets/backgrounds/default.jpg', 'level': 'N1'}
추가된 영상: output/videos\wo_kinjienai_2.mp4
총 클립 개수: 7
MoviePy - Building video output/day_videos\N1\N1_DAY_054.mp4.
MoviePy - Writing audio in N1_DAY_054TEMP_MPY_wvf_snd.mp4
MoviePy - Done.
MoviePy - Writing video output/day_videos\N1\N1_DAY_054.mp4

MoviePy - Done !
MoviePy - video ready output/day_videos\N1\N1_DAY_054.mp4
N1 DAY 영상 생성 완료: output/day_videos\N1\N1_DAY_054.mp4
Step 4 done: day video generated.
Step 5: generate thumbnail.
Thumbnail generated: output/thumbnails\N1_DAY_054.jpg
Step 5 done: thumbnail generated.
N1 DAY incremented: 55
N1 generation done
N2 start
N2 current day: 053
Prep: cleaning JLPT CSV meaning fields.
data/jlpt_n1_vocab.csv ?? ?? / ??: 0 ?
data/jlpt_n2_vocab.csv ?? ?? / ??: 0 ?
data/jlpt_n3_vocab.csv ?? ?? / ??: 0 ?
data/jlpt_n4_vocab.csv ?? ?? / ??: 0 ?
data/jlpt_n5_vocab.csv ?? ?? / ??: 0 ?
?? meaning ?? ??
Prep done: JLPT CSV meaning cleanup complete.
Step 0: add today's JLPT word/grammar items from CSV.
words.json 초기화 완료
N2 미사용 단어 후보 수: 1608
N2 미사용 문법 후보 수: 55
단어 추가 완료: 素人
단어 추가 완료: 芯
단어 추가 완료: 新幹線
단어 추가 완료: 申請
단어 추가 완료: 森林
단어 추가 완료: 〜にすぎない
단어 추가 완료: 〜に相違ない
CSV 사용 상태 저장 완료: data\jlpt_n2_vocab.csv
CSV 사용 상태 저장 완료: data\jlpt_n2_grammar.csv
N2 오늘 콘텐츠 추가 완료
단어: 5 개
문법: 2 개
Step 0 done: JLPT content added.
Step 1: generate card images.
Image generated: assets/images\shirouto.png
Image generated: assets/images\shin.png
Image generated: assets/images\shinkansen.png
Image generated: assets/images\shinsei.png
Image generated: assets/images\shinrin.png
Image generated: assets/images\ni_suginai.png
Image generated: assets/images\ni_soui_nai.png
Step 1 done: images generated.
Step 2: generate TTS audio.

==================================================
TTS 처리: 1/7
단어: 素人
히라가나: しろうと
뜻: 평신도, 아마추어, 초보자
==================================================
TTS 생성 시도 1/3: assets/audio\shirouto_jp.mp3
TTS 생성 성공: assets/audio\shirouto_jp.mp3 (11952 bytes)
TTS 생성 시도 1/3: assets/audio\shirouto_kr.mp3
TTS 생성 성공: assets/audio\shirouto_kr.mp3 (25920 bytes)

단어 TTS 생성 완료
일본어: assets/audio\shirouto_jp.mp3
한국어: assets/audio\shirouto_kr.mp3

==================================================
TTS 처리: 2/7
단어: 芯
히라가나: しん
뜻: 코어, 하트, 심지
==================================================
TTS 생성 시도 1/3: assets/audio\shin_jp.mp3
TTS 생성 성공: assets/audio\shin_jp.mp3 (9648 bytes)
TTS 생성 시도 1/3: assets/audio\shin_kr.mp3
TTS 생성 성공: assets/audio\shin_kr.mp3 (23040 bytes)

단어 TTS 생성 완료
일본어: assets/audio\shin_jp.mp3
한국어: assets/audio\shin_kr.mp3

==================================================
TTS 처리: 3/7
단어: 新幹線
히라가나: しんかんせん
뜻: 신칸센 '신칸센'
==================================================
TTS 생성 시도 1/3: assets/audio\shinkansen_jp.mp3
TTS 생성 성공: assets/audio\shinkansen_jp.mp3 (13824 bytes)
TTS 생성 시도 1/3: assets/audio\shinkansen_kr.mp3
TTS 생성 성공: assets/audio\shinkansen_kr.mp3 (15984 bytes)

단어 TTS 생성 완료
일본어: assets/audio\shinkansen_jp.mp3
한국어: assets/audio\shinkansen_kr.mp3

==================================================
TTS 처리: 4/7
단어: 申請
히라가나: しんせい
뜻: 신청, 요청, 청원
==================================================
TTS 생성 시도 1/3: assets/audio\shinsei_jp.mp3
TTS 생성 성공: assets/audio\shinsei_jp.mp3 (12096 bytes)
TTS 생성 시도 1/3: assets/audio\shinsei_kr.mp3
TTS 생성 성공: assets/audio\shinsei_kr.mp3 (24336 bytes)

단어 TTS 생성 완료
일본어: assets/audio\shinsei_jp.mp3
한국어: assets/audio\shinsei_kr.mp3

==================================================
TTS 처리: 5/7
단어: 森林
히라가나: しんりん
뜻: 숲
==================================================
TTS 생성 시도 1/3: assets/audio\shinrin_jp.mp3
TTS 생성 성공: assets/audio\shinrin_jp.mp3 (11520 bytes)
TTS 생성 시도 1/3: assets/audio\shinrin_kr.mp3
TTS 생성 성공: assets/audio\shinrin_kr.mp3 (9504 bytes)

단어 TTS 생성 완료
일본어: assets/audio\shinrin_jp.mp3
한국어: assets/audio\shinrin_kr.mp3

==================================================
TTS 처리: 6/7
단어: 〜にすぎない
히라가나: 〜にすぎない
뜻: 〜에 지나지 않다
==================================================
TTS 생성 시도 1/3: assets/audio\ni_suginai_jp.mp3
TTS 생성 성공: assets/audio\ni_suginai_jp.mp3 (12672 bytes)
TTS 생성 시도 1/3: assets/audio\ni_suginai_kr.mp3
TTS 생성 성공: assets/audio\ni_suginai_kr.mp3 (16128 bytes)

단어 TTS 생성 완료
일본어: assets/audio\ni_suginai_jp.mp3
한국어: assets/audio\ni_suginai_kr.mp3

==================================================
TTS 처리: 7/7
단어: 〜に相違ない
히라가나: 〜にそういない
뜻: 틀림없이 〜이다
==================================================
TTS 생성 시도 1/3: assets/audio\ni_soui_nai_jp.mp3
TTS 생성 성공: assets/audio\ni_soui_nai_jp.mp3 (13824 bytes)
TTS 생성 시도 1/3: assets/audio\ni_soui_nai_kr.mp3
TTS 생성 성공: assets/audio\ni_soui_nai_kr.mp3 (14832 bytes)

단어 TTS 생성 완료
일본어: assets/audio\ni_soui_nai_jp.mp3
한국어: assets/audio\ni_soui_nai_kr.mp3

==================================================
전체 TTS 음성 생성 완료
==================================================
Step 2 done: TTS generated.
Step 3: generate shorts videos.
MoviePy - Building video output/videos\shirouto.mp4.
MoviePy - Writing audio in shiroutoTEMP_MPY_wvf_snd.mp4
MoviePy - Done.
MoviePy - Writing video output/videos\shirouto.mp4

MoviePy - Done !
MoviePy - video ready output/videos\shirouto.mp4
영상 생성 완료: output/videos\shirouto.mp4
MoviePy - Building video output/videos\shin.mp4.
MoviePy - Writing audio in shinTEMP_MPY_wvf_snd.mp4
MoviePy - Done.
MoviePy - Writing video output/videos\shin.mp4

MoviePy - Done !
MoviePy - video ready output/videos\shin.mp4
영상 생성 완료: output/videos\shin.mp4
MoviePy - Building video output/videos\shinkansen.mp4.
MoviePy - Writing audio in shinkansenTEMP_MPY_wvf_snd.mp4
MoviePy - Done.
MoviePy - Writing video output/videos\shinkansen.mp4

MoviePy - Done !
MoviePy - video ready output/videos\shinkansen.mp4
영상 생성 완료: output/videos\shinkansen.mp4
MoviePy - Building video output/videos\shinsei.mp4.
MoviePy - Writing audio in shinseiTEMP_MPY_wvf_snd.mp4
MoviePy - Done.
MoviePy - Writing video output/videos\shinsei.mp4

MoviePy - Done !
MoviePy - video ready output/videos\shinsei.mp4
영상 생성 완료: output/videos\shinsei.mp4
MoviePy - Building video output/videos\shinrin.mp4.
MoviePy - Writing audio in shinrinTEMP_MPY_wvf_snd.mp4
MoviePy - Done.
MoviePy - Writing video output/videos\shinrin.mp4

MoviePy - Done !
MoviePy - video ready output/videos\shinrin.mp4
영상 생성 완료: output/videos\shinrin.mp4
MoviePy - Building video output/videos\ni_suginai.mp4.
MoviePy - Writing audio in ni_suginaiTEMP_MPY_wvf_snd.mp4
MoviePy - Done.
MoviePy - Writing video output/videos\ni_suginai.mp4

MoviePy - Done !
MoviePy - video ready output/videos\ni_suginai.mp4
영상 생성 완료: output/videos\ni_suginai.mp4
MoviePy - Building video output/videos\ni_soui_nai.mp4.
MoviePy - Writing audio in ni_soui_naiTEMP_MPY_wvf_snd.mp4
MoviePy - Done.
MoviePy - Writing video output/videos\ni_soui_nai.mp4

MoviePy - Done !
MoviePy - video ready output/videos\ni_soui_nai.mp4
영상 생성 완료: output/videos\ni_soui_nai.mp4
전체 영상 생성 완료
Step 3 done: shorts videos generated.
Step 4: generate the combined day video.
{'type': 'vocab', 'word': '素人', 'hiragana': 'しろうと', 'meaning': '평신도, 아마추어, 초보자', 'romaji': 'shirouto', 'background_path': 'assets/backgrounds/default.jpg', 'level': 'N2'}
추가된 영상: output/videos\shirouto.mp4
{'type': 'vocab', 'word': '芯', 'hiragana': 'しん', 'meaning': '코어, 하트, 심지', 'romaji': 'shin', 'background_path': 'assets/backgrounds/default.jpg', 'level': 'N2'}
추가된 영상: output/videos\shin.mp4
{'type': 'vocab', 'word': '新幹線', 'hiragana': 'しんかんせん', 'meaning': "신칸센 '신칸센'", 'romaji': 'shinkansen', 'background_path': 'assets/backgrounds/default.jpg', 'level': 'N2'}
추가된 영상: output/videos\shinkansen.mp4
{'type': 'vocab', 'word': '申請', 'hiragana': 'しんせい', 'meaning': '신청, 요청, 청원', 'romaji': 'shinsei', 'background_path': 'assets/backgrounds/default.jpg', 'level': 'N2'}
추가된 영상: output/videos\shinsei.mp4
{'type': 'vocab', 'word': '森林', 'hiragana': 'しんりん', 'meaning': '숲', 'romaji': 'shinrin', 'background_path': 'assets/backgrounds/default.jpg', 'level': 'N2'}
추가된 영상: output/videos\shinrin.mp4
{'type': 'grammar', 'word': '〜にすぎない', 'hiragana': '〜にすぎない', 'meaning': '〜에 지나지 않다', 'romaji': 'ni_suginai', 'background_path': 'assets/backgrounds/default.jpg', 'level': 'N2'}
추가된 영상: output/videos\ni_suginai.mp4
{'type': 'grammar', 'word': '〜に相違ない', 'hiragana': '〜にそういない', 'meaning': '틀림없이 〜이다', 'romaji': 'ni_soui_nai', 'background_path': 'assets/backgrounds/default.jpg', 'level': 'N2'}
추가된 영상: output/videos\ni_soui_nai.mp4
총 클립 개수: 7
MoviePy - Building video output/day_videos\N2\N2_DAY_053.mp4.
MoviePy - Writing audio in N2_DAY_053TEMP_MPY_wvf_snd.mp4
MoviePy - Done.
MoviePy - Writing video output/day_videos\N2\N2_DAY_053.mp4

MoviePy - Done !
MoviePy - video ready output/day_videos\N2\N2_DAY_053.mp4
N2 DAY 영상 생성 완료: output/day_videos\N2\N2_DAY_053.mp4
Step 4 done: day video generated.
Step 5: generate thumbnail.
Thumbnail generated: output/thumbnails\N2_DAY_053.jpg
Step 5 done: thumbnail generated.
N2 DAY incremented: 54
N2 generation done
N3 start
N3 current day: 053
Prep: cleaning JLPT CSV meaning fields.
data/jlpt_n1_vocab.csv ?? ?? / ??: 0 ?
data/jlpt_n2_vocab.csv ?? ?? / ??: 0 ?
data/jlpt_n3_vocab.csv ?? ?? / ??: 0 ?
data/jlpt_n4_vocab.csv ?? ?? / ??: 0 ?
data/jlpt_n5_vocab.csv ?? ?? / ??: 0 ?
?? meaning ?? ??
Prep done: JLPT CSV meaning cleanup complete.
Step 0: add today's JLPT word/grammar items from CSV.
words.json 초기화 완료
N3 미사용 단어 후보 수: 1855
N3 미사용 문법 후보 수: 39
단어 추가 완료: 表す
단어 추가 완료: 現れる
단어 추가 완료: あるいは
단어 추가 완료: 泡
단어 추가 완료: 合わせる
단어 추가 완료: ～気味
단어 추가 완료: ～がち
CSV 사용 상태 저장 완료: data\jlpt_n3_vocab.csv
CSV 사용 상태 저장 완료: data\jlpt_n3_grammar.csv
N3 오늘 콘텐츠 추가 완료
단어: 5 개
문법: 2 개
Step 0 done: JLPT content added.
Step 1: generate card images.
Image generated: assets/images\arawasu.png
Image generated: assets/images\arawareru.png
Image generated: assets/images\aruiha.png
Image generated: assets/images\awa.png
Image generated: assets/images\awaseru.png
Image generated: assets/images\gimi.png
Image generated: assets/images\gachi.png
Step 1 done: images generated.
Step 2: generate TTS audio.

==================================================
TTS 처리: 1/7
단어: 表す
히라가나: あらわす
뜻: 표현하다, 보여주다
==================================================
TTS 생성 시도 1/3: assets/audio\arawasu_jp.mp3
TTS 생성 성공: assets/audio\arawasu_jp.mp3 (12096 bytes)
TTS 생성 시도 1/3: assets/audio\arawasu_kr.mp3
TTS 생성 성공: assets/audio\arawasu_kr.mp3 (27072 bytes)

단어 TTS 생성 완료
일본어: assets/audio\arawasu_jp.mp3
한국어: assets/audio\arawasu_kr.mp3

==================================================
TTS 처리: 2/7
단어: 現れる
히라가나: あらわれる
뜻: 나타나다, 눈에 띄게 되다, 표현하다
==================================================
TTS 생성 시도 1/3: assets/audio\arawareru_jp.mp3
TTS 생성 성공: assets/audio\arawareru_jp.mp3 (12240 bytes)
TTS 생성 시도 1/3: assets/audio\arawareru_kr.mp3
TTS 생성 성공: assets/audio\arawareru_kr.mp3 (40032 bytes)

단어 TTS 생성 완료
일본어: assets/audio\arawareru_jp.mp3
한국어: assets/audio\arawareru_kr.mp3

==================================================
TTS 처리: 3/7
단어: あるいは
히라가나: あるいは
뜻: 아니면 아마도
==================================================
TTS 생성 시도 1/3: assets/audio\aruiha_jp.mp3
TTS 생성 성공: assets/audio\aruiha_jp.mp3 (11520 bytes)
TTS 생성 시도 1/3: assets/audio\aruiha_kr.mp3
TTS 생성 성공: assets/audio\aruiha_kr.mp3 (14976 bytes)

단어 TTS 생성 완료
일본어: assets/audio\aruiha_jp.mp3
한국어: assets/audio\aruiha_kr.mp3

==================================================
TTS 처리: 4/7
단어: 泡
히라가나: あわ
뜻: 거품
==================================================
TTS 생성 시도 1/3: assets/audio\awa_jp.mp3
TTS 생성 성공: assets/audio\awa_jp.mp3 (9504 bytes)
TTS 생성 시도 1/3: assets/audio\awa_kr.mp3
TTS 생성 성공: assets/audio\awa_kr.mp3 (11664 bytes)

단어 TTS 생성 완료
일본어: assets/audio\awa_jp.mp3
한국어: assets/audio\awa_kr.mp3

==================================================
TTS 처리: 5/7
단어: 合わせる
히라가나: あわせる
뜻: 결합하다
==================================================
TTS 생성 시도 1/3: assets/audio\awaseru_jp.mp3
TTS 생성 성공: assets/audio\awaseru_jp.mp3 (11520 bytes)
TTS 생성 시도 1/3: assets/audio\awaseru_kr.mp3
TTS 생성 성공: assets/audio\awaseru_kr.mp3 (14256 bytes)

단어 TTS 생성 완료
일본어: assets/audio\awaseru_jp.mp3
한국어: assets/audio\awaseru_kr.mp3

==================================================
TTS 처리: 6/7
단어: ～気味
히라가나: ～ぎみ
뜻: ～한 기미가 있다, ～한 경향이 있다
==================================================
TTS 생성 시도 1/3: assets/audio\gimi_jp.mp3
TTS 생성 성공: assets/audio\gimi_jp.mp3 (9648 bytes)
TTS 생성 시도 1/3: assets/audio\gimi_kr.mp3
TTS 생성 성공: assets/audio\gimi_kr.mp3 (24768 bytes)

단어 TTS 생성 완료
일본어: assets/audio\gimi_jp.mp3
한국어: assets/audio\gimi_kr.mp3

==================================================
TTS 처리: 7/7
단어: ～がち
히라가나: ～がち
뜻: ～하기 쉽다
==================================================
TTS 생성 시도 1/3: assets/audio\gachi_jp.mp3
TTS 생성 성공: assets/audio\gachi_jp.mp3 (10368 bytes)
TTS 생성 시도 1/3: assets/audio\gachi_kr.mp3
TTS 생성 성공: assets/audio\gachi_kr.mp3 (13680 bytes)

단어 TTS 생성 완료
일본어: assets/audio\gachi_jp.mp3
한국어: assets/audio\gachi_kr.mp3

==================================================
전체 TTS 음성 생성 완료
==================================================
Step 2 done: TTS generated.
Step 3: generate shorts videos.
MoviePy - Building video output/videos\arawasu.mp4.
MoviePy - Writing audio in arawasuTEMP_MPY_wvf_snd.mp4
MoviePy - Done.
MoviePy - Writing video output/videos\arawasu.mp4

MoviePy - Done !
MoviePy - video ready output/videos\arawasu.mp4
영상 생성 완료: output/videos\arawasu.mp4
MoviePy - Building video output/videos\arawareru.mp4.
MoviePy - Writing audio in arawareruTEMP_MPY_wvf_snd.mp4
MoviePy - Done.
MoviePy - Writing video output/videos\arawareru.mp4

MoviePy - Done !
MoviePy - video ready output/videos\arawareru.mp4
영상 생성 완료: output/videos\arawareru.mp4
MoviePy - Building video output/videos\aruiha.mp4.
MoviePy - Writing audio in aruihaTEMP_MPY_wvf_snd.mp4
MoviePy - Done.
MoviePy - Writing video output/videos\aruiha.mp4

MoviePy - Done !
MoviePy - video ready output/videos\aruiha.mp4
영상 생성 완료: output/videos\aruiha.mp4
MoviePy - Building video output/videos\awa.mp4.
MoviePy - Writing audio in awaTEMP_MPY_wvf_snd.mp4
MoviePy - Done.
MoviePy - Writing video output/videos\awa.mp4

MoviePy - Done !
MoviePy - video ready output/videos\awa.mp4
영상 생성 완료: output/videos\awa.mp4
MoviePy - Building video output/videos\awaseru.mp4.
MoviePy - Writing audio in awaseruTEMP_MPY_wvf_snd.mp4
MoviePy - Done.
MoviePy - Writing video output/videos\awaseru.mp4

MoviePy - Done !
MoviePy - video ready output/videos\awaseru.mp4
영상 생성 완료: output/videos\awaseru.mp4
MoviePy - Building video output/videos\gimi.mp4.
MoviePy - Writing audio in gimiTEMP_MPY_wvf_snd.mp4
MoviePy - Done.
MoviePy - Writing video output/videos\gimi.mp4

MoviePy - Done !
MoviePy - video ready output/videos\gimi.mp4
영상 생성 완료: output/videos\gimi.mp4
MoviePy - Building video output/videos\gachi.mp4.
MoviePy - Writing audio in gachiTEMP_MPY_wvf_snd.mp4
MoviePy - Done.
MoviePy - Writing video output/videos\gachi.mp4

MoviePy - Done !
MoviePy - video ready output/videos\gachi.mp4
영상 생성 완료: output/videos\gachi.mp4
전체 영상 생성 완료
Step 3 done: shorts videos generated.
Step 4: generate the combined day video.
{'type': 'vocab', 'word': '表す', 'hiragana': 'あらわす', 'meaning': '표현하다, 보여주다', 'romaji': 'arawasu', 'background_path': 'assets/backgrounds/default.jpg', 'level': 'N3'}
추가된 영상: output/videos\arawasu.mp4
{'type': 'vocab', 'word': '現れる', 'hiragana': 'あらわれる', 'meaning': '나타나다, 눈에 띄게 되다, 표현하다', 'romaji': 'arawareru', 'background_path': 'assets/backgrounds/default.jpg', 'level': 'N3'}
추가된 영상: output/videos\arawareru.mp4
{'type': 'vocab', 'word': 'あるいは', 'hiragana': 'あるいは', 'meaning': '아니면 아마도', 'romaji': 'aruiha', 'background_path': 'assets/backgrounds/default.jpg', 'level': 'N3'}
추가된 영상: output/videos\aruiha.mp4
{'type': 'vocab', 'word': '泡', 'hiragana': 'あわ', 'meaning': '거품', 'romaji': 'awa', 'background_path': 'assets/backgrounds/default.jpg', 'level': 'N3'}
추가된 영상: output/videos\awa.mp4
{'type': 'vocab', 'word': '合わせる', 'hiragana': 'あわせる', 'meaning': '결합하다', 'romaji': 'awaseru', 'background_path': 'assets/backgrounds/default.jpg', 'level': 'N3'}
추가된 영상: output/videos\awaseru.mp4
{'type': 'grammar', 'word': '～気味', 'hiragana': '～ぎみ', 'meaning': '～한 기미가 있다, ～한 경향이 있다', 'romaji': 'gimi', 'background_path': 'assets/backgrounds/default.jpg', 'level': 'N3'}
추가된 영상: output/videos\gimi.mp4
{'type': 'grammar', 'word': '～がち', 'hiragana': '～がち', 'meaning': '～하기 쉽다', 'romaji': 'gachi', 'background_path': 'assets/backgrounds/default.jpg', 'level': 'N3'}
추가된 영상: output/videos\gachi.mp4
총 클립 개수: 7
MoviePy - Building video output/day_videos\N3\N3_DAY_053.mp4.
MoviePy - Writing audio in N3_DAY_053TEMP_MPY_wvf_snd.mp4
MoviePy - Done.
MoviePy - Writing video output/day_videos\N3\N3_DAY_053.mp4

MoviePy - Done !
MoviePy - video ready output/day_videos\N3\N3_DAY_053.mp4
N3 DAY 영상 생성 완료: output/day_videos\N3\N3_DAY_053.mp4
Step 4 done: day video generated.
Step 5: generate thumbnail.
Thumbnail generated: output/thumbnails\N3_DAY_053.jpg
Step 5 done: thumbnail generated.
N3 DAY incremented: 54
N3 generation done
N4 start
N4 current day: 053
Prep: cleaning JLPT CSV meaning fields.
data/jlpt_n1_vocab.csv ?? ?? / ??: 0 ?
data/jlpt_n2_vocab.csv ?? ?? / ??: 0 ?
data/jlpt_n3_vocab.csv ?? ?? / ??: 0 ?
data/jlpt_n4_vocab.csv ?? ?? / ??: 0 ?
data/jlpt_n5_vocab.csv ?? ?? / ??: 0 ?
?? meaning ?? ??
Prep done: JLPT CSV meaning cleanup complete.
Step 0: add today's JLPT word/grammar items from CSV.
words.json 초기화 완료
N4 미사용 단어 후보 수: 294
N4 미사용 문법 후보 수: 38
단어 추가 완료: 見つける
단어 추가 완료: 高校生
단어 추가 완료: 講義
단어 추가 완료: そんなに
단어 추가 완료: 昼休み
단어 추가 완료: 〜ておきます
단어 추가 완료: 〜てしまいます
CSV 사용 상태 저장 완료: data\jlpt_n4_vocab.csv
CSV 사용 상태 저장 완료: data\jlpt_n4_grammar.csv
N4 오늘 콘텐츠 추가 완료
단어: 5 개
문법: 2 개
Step 0 done: JLPT content added.
Step 1: generate card images.
Image generated: assets/images\mitsukeru.png
Image generated: assets/images\koukousei.png
Image generated: assets/images\kougi.png
Image generated: assets/images\sonnani.png
Image generated: assets/images\hiruyasumi.png
Image generated: assets/images\te_okimasu.png
Image generated: assets/images\te_shimaimasu.png
Step 1 done: images generated.
Step 2: generate TTS audio.

==================================================
TTS 처리: 1/7
단어: 見つける
히라가나: みつける
뜻: 찾다, 발견하다
==================================================
TTS 생성 시도 1/3: assets/audio\mitsukeru_jp.mp3
TTS 생성 성공: assets/audio\mitsukeru_jp.mp3 (11376 bytes)
TTS 생성 시도 1/3: assets/audio\mitsukeru_kr.mp3
TTS 생성 성공: assets/audio\mitsukeru_kr.mp3 (20592 bytes)

단어 TTS 생성 완료
일본어: assets/audio\mitsukeru_jp.mp3
한국어: assets/audio\mitsukeru_kr.mp3

==================================================
TTS 처리: 2/7
단어: 高校生
히라가나: こうこうせい
뜻: 고등학생
==================================================
TTS 생성 시도 1/3: assets/audio\koukousei_jp.mp3
TTS 생성 성공: assets/audio\koukousei_jp.mp3 (13104 bytes)
TTS 생성 시도 1/3: assets/audio\koukousei_kr.mp3
TTS 생성 성공: assets/audio\koukousei_kr.mp3 (13824 bytes)

단어 TTS 생성 완료
일본어: assets/audio\koukousei_jp.mp3
한국어: assets/audio\koukousei_kr.mp3

==================================================
TTS 처리: 3/7
단어: 講義
히라가나: こうぎ
뜻: 강의
==================================================
TTS 생성 시도 1/3: assets/audio\kougi_jp.mp3
TTS 생성 성공: assets/audio\kougi_jp.mp3 (10800 bytes)
TTS 생성 시도 1/3: assets/audio\kougi_kr.mp3
TTS 생성 성공: assets/audio\kougi_kr.mp3 (11088 bytes)

단어 TTS 생성 완료
일본어: assets/audio\kougi_jp.mp3
한국어: assets/audio\kougi_kr.mp3

==================================================
TTS 처리: 4/7
단어: そんなに
히라가나: そんなに
뜻: 너무 많이, 그렇게
==================================================
TTS 생성 시도 1/3: assets/audio\sonnani_jp.mp3
TTS 생성 성공: assets/audio\sonnani_jp.mp3 (11808 bytes)
TTS 생성 시도 1/3: assets/audio\sonnani_kr.mp3
TTS 생성 성공: assets/audio\sonnani_kr.mp3 (18576 bytes)

단어 TTS 생성 완료
일본어: assets/audio\sonnani_jp.mp3
한국어: assets/audio\sonnani_kr.mp3

==================================================
TTS 처리: 5/7
단어: 昼休み
히라가나: ひるやすみ
뜻: 점심시간, 정오 쉬는 시간
==================================================
TTS 생성 시도 1/3: assets/audio\hiruyasumi_jp.mp3
TTS 생성 성공: assets/audio\hiruyasumi_jp.mp3 (12384 bytes)
TTS 생성 시도 1/3: assets/audio\hiruyasumi_kr.mp3
TTS 생성 성공: assets/audio\hiruyasumi_kr.mp3 (23904 bytes)

단어 TTS 생성 완료
일본어: assets/audio\hiruyasumi_jp.mp3
한국어: assets/audio\hiruyasumi_kr.mp3

==================================================
TTS 처리: 6/7
단어: 〜ておきます
히라가나: 〜ておきます
뜻: 미리 〜해 둡니다
==================================================
TTS 생성 시도 1/3: assets/audio\te_okimasu_jp.mp3
TTS 생성 성공: assets/audio\te_okimasu_jp.mp3 (12240 bytes)
TTS 생성 시도 1/3: assets/audio\te_okimasu_kr.mp3
TTS 생성 성공: assets/audio\te_okimasu_kr.mp3 (15552 bytes)

단어 TTS 생성 완료
일본어: assets/audio\te_okimasu_jp.mp3
한국어: assets/audio\te_okimasu_kr.mp3

==================================================
TTS 처리: 7/7
단어: 〜てしまいます
히라가나: 〜てしまいます
뜻: 〜해 버립니다
==================================================
TTS 생성 시도 1/3: assets/audio\te_shimaimasu_jp.mp3
TTS 생성 성공: assets/audio\te_shimaimasu_jp.mp3 (13104 bytes)
TTS 생성 시도 1/3: assets/audio\te_shimaimasu_kr.mp3
TTS 생성 성공: assets/audio\te_shimaimasu_kr.mp3 (13824 bytes)

단어 TTS 생성 완료
일본어: assets/audio\te_shimaimasu_jp.mp3
한국어: assets/audio\te_shimaimasu_kr.mp3

==================================================
전체 TTS 음성 생성 완료
==================================================
Step 2 done: TTS generated.
Step 3: generate shorts videos.
MoviePy - Building video output/videos\mitsukeru.mp4.
MoviePy - Writing audio in mitsukeruTEMP_MPY_wvf_snd.mp4
MoviePy - Done.
MoviePy - Writing video output/videos\mitsukeru.mp4

MoviePy - Done !
MoviePy - video ready output/videos\mitsukeru.mp4
영상 생성 완료: output/videos\mitsukeru.mp4
MoviePy - Building video output/videos\koukousei.mp4.
MoviePy - Writing audio in koukouseiTEMP_MPY_wvf_snd.mp4
MoviePy - Done.
MoviePy - Writing video output/videos\koukousei.mp4

MoviePy - Done !
MoviePy - video ready output/videos\koukousei.mp4
영상 생성 완료: output/videos\koukousei.mp4
MoviePy - Building video output/videos\kougi.mp4.
MoviePy - Writing audio in kougiTEMP_MPY_wvf_snd.mp4
MoviePy - Done.
MoviePy - Writing video output/videos\kougi.mp4

MoviePy - Done !
MoviePy - video ready output/videos\kougi.mp4
영상 생성 완료: output/videos\kougi.mp4
MoviePy - Building video output/videos\sonnani.mp4.
MoviePy - Writing audio in sonnaniTEMP_MPY_wvf_snd.mp4
MoviePy - Done.
MoviePy - Writing video output/videos\sonnani.mp4

MoviePy - Done !
MoviePy - video ready output/videos\sonnani.mp4
영상 생성 완료: output/videos\sonnani.mp4
MoviePy - Building video output/videos\hiruyasumi.mp4.
MoviePy - Writing audio in hiruyasumiTEMP_MPY_wvf_snd.mp4
MoviePy - Done.
MoviePy - Writing video output/videos\hiruyasumi.mp4

MoviePy - Done !
MoviePy - video ready output/videos\hiruyasumi.mp4
영상 생성 완료: output/videos\hiruyasumi.mp4
MoviePy - Building video output/videos\te_okimasu.mp4.
MoviePy - Writing audio in te_okimasuTEMP_MPY_wvf_snd.mp4
MoviePy - Done.
MoviePy - Writing video output/videos\te_okimasu.mp4

MoviePy - Done !
MoviePy - video ready output/videos\te_okimasu.mp4
영상 생성 완료: output/videos\te_okimasu.mp4
MoviePy - Building video output/videos\te_shimaimasu.mp4.
MoviePy - Writing audio in te_shimaimasuTEMP_MPY_wvf_snd.mp4
MoviePy - Done.
MoviePy - Writing video output/videos\te_shimaimasu.mp4

MoviePy - Done !
MoviePy - video ready output/videos\te_shimaimasu.mp4
영상 생성 완료: output/videos\te_shimaimasu.mp4
전체 영상 생성 완료
Step 3 done: shorts videos generated.
Step 4: generate the combined day video.
{'type': 'vocab', 'word': '見つける', 'hiragana': 'みつける', 'meaning': '찾다, 발견하다', 'romaji': 'mitsukeru', 'background_path': 'assets/backgrounds/default.jpg', 'level': 'N4'}
추가된 영상: output/videos\mitsukeru.mp4
{'type': 'vocab', 'word': '高校生', 'hiragana': 'こうこうせい', 'meaning': '고등학생', 'romaji': 'koukousei', 'background_path': 'assets/backgrounds/default.jpg', 'level': 'N4'}
추가된 영상: output/videos\koukousei.mp4
{'type': 'vocab', 'word': '講義', 'hiragana': 'こうぎ', 'meaning': '강의', 'romaji': 'kougi', 'background_path': 'assets/backgrounds/default.jpg', 'level': 'N4'}
추가된 영상: output/videos\kougi.mp4
{'type': 'vocab', 'word': 'そんなに', 'hiragana': 'そんなに', 'meaning': '너무 많이, 그렇게', 'romaji': 'sonnani', 'background_path': 'assets/backgrounds/default.jpg', 'level': 'N4'}
추가된 영상: output/videos\sonnani.mp4
{'type': 'vocab', 'word': '昼休み', 'hiragana': 'ひるやすみ', 'meaning': '점심시간, 정오 쉬는 시간', 'romaji': 'hiruyasumi', 'background_path': 'assets/backgrounds/default.jpg', 'level': 'N4'}
추가된 영상: output/videos\hiruyasumi.mp4
{'type': 'grammar', 'word': '〜ておきます', 'hiragana': '〜ておきます', 'meaning': '미리 〜해 둡니다', 'romaji': 'te_okimasu', 'background_path': 'assets/backgrounds/default.jpg', 'level': 'N4'}
추가된 영상: output/videos\te_okimasu.mp4
{'type': 'grammar', 'word': '〜てしまいます', 'hiragana': '〜てしまいます', 'meaning': '〜해 버립니다', 'romaji': 'te_shimaimasu', 'background_path': 'assets/backgrounds/default.jpg', 'level': 'N4'}
추가된 영상: output/videos\te_shimaimasu.mp4
총 클립 개수: 7
MoviePy - Building video output/day_videos\N4\N4_DAY_053.mp4.
MoviePy - Writing audio in N4_DAY_053TEMP_MPY_wvf_snd.mp4
MoviePy - Done.
MoviePy - Writing video output/day_videos\N4\N4_DAY_053.mp4

MoviePy - Done !
MoviePy - video ready output/day_videos\N4\N4_DAY_053.mp4
N4 DAY 영상 생성 완료: output/day_videos\N4\N4_DAY_053.mp4
Step 4 done: day video generated.
Step 5: generate thumbnail.
Thumbnail generated: output/thumbnails\N4_DAY_053.jpg
Step 5 done: thumbnail generated.
N4 DAY incremented: 54
N4 generation done
N5 start
N5 current day: 053
Prep: cleaning JLPT CSV meaning fields.
data/jlpt_n1_vocab.csv ?? ?? / ??: 0 ?
data/jlpt_n2_vocab.csv ?? ?? / ??: 0 ?
data/jlpt_n3_vocab.csv ?? ?? / ??: 0 ?
data/jlpt_n4_vocab.csv ?? ?? / ??: 0 ?
data/jlpt_n5_vocab.csv ?? ?? / ??: 0 ?
?? meaning ?? ??
Prep done: JLPT CSV meaning cleanup complete.
Step 0: add today's JLPT word/grammar items from CSV.
words.json 초기화 완료
N5 미사용 단어 후보 수: 448
N5 미사용 문법 후보 수: 51
단어 추가 완료: 狭い
단어 추가 완료: ゼロ
단어 추가 완료: 千
단어 추가 완료: 先月
단어 추가 완료: 先週
단어 추가 완료: ～てある
단어 추가 완료: ～てしまう
CSV 사용 상태 저장 완료: data\jlpt_n5_vocab.csv
CSV 사용 상태 저장 완료: data\jlpt_n5_grammar.csv
N5 오늘 콘텐츠 추가 완료
단어: 5 개
문법: 2 개
Step 0 done: JLPT content added.
Step 1: generate card images.
Image generated: assets/images\semai.png
Image generated: assets/images\zero.png
Image generated: assets/images\sen.png
Image generated: assets/images\sengetsu.png
Image generated: assets/images\senshuu.png
Image generated: assets/images\te_aru.png
Image generated: assets/images\te_shimau.png
Step 1 done: images generated.
Step 2: generate TTS audio.

==================================================
TTS 처리: 1/7
단어: 狭い
히라가나: せまい
뜻: 좁은, 넓지 않은
==================================================
TTS 생성 시도 1/3: assets/audio\semai_jp.mp3
TTS 생성 성공: assets/audio\semai_jp.mp3 (10800 bytes)
TTS 생성 시도 1/3: assets/audio\semai_kr.mp3
TTS 생성 성공: assets/audio\semai_kr.mp3 (18864 bytes)

단어 TTS 생성 완료
일본어: assets/audio\semai_jp.mp3
한국어: assets/audio\semai_kr.mp3

==================================================
TTS 처리: 2/7
단어: ゼロ
히라가나: ゼロ
뜻: 영
==================================================
TTS 생성 시도 1/3: assets/audio\zero_jp.mp3
TTS 생성 성공: assets/audio\zero_jp.mp3 (9936 bytes)
TTS 생성 시도 1/3: assets/audio\zero_kr.mp3
TTS 생성 성공: assets/audio\zero_kr.mp3 (10800 bytes)

단어 TTS 생성 완료
일본어: assets/audio\zero_jp.mp3
한국어: assets/audio\zero_kr.mp3

==================================================
TTS 처리: 3/7
단어: 千
히라가나: せん
뜻: 천
==================================================
TTS 생성 시도 1/3: assets/audio\sen_jp.mp3
TTS 생성 성공: assets/audio\sen_jp.mp3 (9648 bytes)
TTS 생성 시도 1/3: assets/audio\sen_kr.mp3
TTS 생성 성공: assets/audio\sen_kr.mp3 (10800 bytes)

단어 TTS 생성 완료
일본어: assets/audio\sen_jp.mp3
한국어: assets/audio\sen_kr.mp3

==================================================
TTS 처리: 4/7
단어: 先月
히라가나: せんげつ
뜻: 전달
==================================================
TTS 생성 시도 1/3: assets/audio\sengetsu_jp.mp3
TTS 생성 성공: assets/audio\sengetsu_jp.mp3 (12240 bytes)
TTS 생성 시도 1/3: assets/audio\sengetsu_kr.mp3
TTS 생성 성공: assets/audio\sengetsu_kr.mp3 (11952 bytes)

단어 TTS 생성 완료
일본어: assets/audio\sengetsu_jp.mp3
한국어: assets/audio\sengetsu_kr.mp3

==================================================
TTS 처리: 5/7
단어: 先週
히라가나: せんしゅう
뜻: 지난주
==================================================
TTS 생성 시도 1/3: assets/audio\senshuu_jp.mp3
TTS 생성 성공: assets/audio\senshuu_jp.mp3 (11952 bytes)
TTS 생성 시도 1/3: assets/audio\senshuu_kr.mp3
TTS 생성 성공: assets/audio\senshuu_kr.mp3 (12384 bytes)

단어 TTS 생성 완료
일본어: assets/audio\senshuu_jp.mp3
한국어: assets/audio\senshuu_kr.mp3

==================================================
TTS 처리: 6/7
단어: ～てある
히라가나: ～てある
뜻: ～해 놓여 있다
==================================================
TTS 생성 시도 1/3: assets/audio\te_aru_jp.mp3
TTS 생성 성공: assets/audio\te_aru_jp.mp3 (10368 bytes)
TTS 생성 시도 1/3: assets/audio\te_aru_kr.mp3
TTS 생성 성공: assets/audio\te_aru_kr.mp3 (14544 bytes)

단어 TTS 생성 완료
일본어: assets/audio\te_aru_jp.mp3
한국어: assets/audio\te_aru_kr.mp3

==================================================
TTS 처리: 7/7
단어: ～てしまう
히라가나: ～てしまう
뜻: ～해 버리다
==================================================
TTS 생성 시도 1/3: assets/audio\te_shimau_jp.mp3
TTS 생성 성공: assets/audio\te_shimau_jp.mp3 (11664 bytes)
TTS 생성 시도 1/3: assets/audio\te_shimau_kr.mp3
TTS 생성 성공: assets/audio\te_shimau_kr.mp3 (14544 bytes)

단어 TTS 생성 완료
일본어: assets/audio\te_shimau_jp.mp3
한국어: assets/audio\te_shimau_kr.mp3

==================================================
전체 TTS 음성 생성 완료
==================================================
Step 2 done: TTS generated.
Step 3: generate shorts videos.
MoviePy - Building video output/videos\semai.mp4.
MoviePy - Writing audio in semaiTEMP_MPY_wvf_snd.mp4
MoviePy - Done.
MoviePy - Writing video output/videos\semai.mp4

MoviePy - Done !
MoviePy - video ready output/videos\semai.mp4
영상 생성 완료: output/videos\semai.mp4
MoviePy - Building video output/videos\zero.mp4.
MoviePy - Writing audio in zeroTEMP_MPY_wvf_snd.mp4
MoviePy - Done.
MoviePy - Writing video output/videos\zero.mp4

MoviePy - Done !
MoviePy - video ready output/videos\zero.mp4
영상 생성 완료: output/videos\zero.mp4
MoviePy - Building video output/videos\sen.mp4.
MoviePy - Writing audio in senTEMP_MPY_wvf_snd.mp4
MoviePy - Done.
MoviePy - Writing video output/videos\sen.mp4

MoviePy - Done !
MoviePy - video ready output/videos\sen.mp4
영상 생성 완료: output/videos\sen.mp4
MoviePy - Building video output/videos\sengetsu.mp4.
MoviePy - Writing audio in sengetsuTEMP_MPY_wvf_snd.mp4
MoviePy - Done.
MoviePy - Writing video output/videos\sengetsu.mp4

MoviePy - Done !
MoviePy - video ready output/videos\sengetsu.mp4
영상 생성 완료: output/videos\sengetsu.mp4
MoviePy - Building video output/videos\senshuu.mp4.
MoviePy - Writing audio in senshuuTEMP_MPY_wvf_snd.mp4
MoviePy - Done.
MoviePy - Writing video output/videos\senshuu.mp4

MoviePy - Done !
MoviePy - video ready output/videos\senshuu.mp4
영상 생성 완료: output/videos\senshuu.mp4
MoviePy - Building video output/videos\te_aru.mp4.
MoviePy - Writing audio in te_aruTEMP_MPY_wvf_snd.mp4
MoviePy - Done.
MoviePy - Writing video output/videos\te_aru.mp4

MoviePy - Done !
MoviePy - video ready output/videos\te_aru.mp4
영상 생성 완료: output/videos\te_aru.mp4
MoviePy - Building video output/videos\te_shimau.mp4.
MoviePy - Writing audio in te_shimauTEMP_MPY_wvf_snd.mp4
MoviePy - Done.
MoviePy - Writing video output/videos\te_shimau.mp4

MoviePy - Done !
MoviePy - video ready output/videos\te_shimau.mp4
영상 생성 완료: output/videos\te_shimau.mp4
전체 영상 생성 완료
Step 3 done: shorts videos generated.
Step 4: generate the combined day video.
{'type': 'vocab', 'word': '狭い', 'hiragana': 'せまい', 'meaning': '좁은, 넓지 않은', 'romaji': 'semai', 'background_path': 'assets/backgrounds/default.jpg', 'level': 'N5'}
추가된 영상: output/videos\semai.mp4
{'type': 'vocab', 'word': 'ゼロ', 'hiragana': 'ゼロ', 'meaning': '영', 'romaji': 'zero', 'background_path': 'assets/backgrounds/default.jpg', 'level': 'N5'}
추가된 영상: output/videos\zero.mp4
{'type': 'vocab', 'word': '千', 'hiragana': 'せん', 'meaning': '천', 'romaji': 'sen', 'background_path': 'assets/backgrounds/default.jpg', 'level': 'N5'}
추가된 영상: output/videos\sen.mp4
{'type': 'vocab', 'word': '先月', 'hiragana': 'せんげつ', 'meaning': '전달', 'romaji': 'sengetsu', 'background_path': 'assets/backgrounds/default.jpg', 'level': 'N5'}
추가된 영상: output/videos\sengetsu.mp4
{'type': 'vocab', 'word': '先週', 'hiragana': 'せんしゅう', 'meaning': '지난주', 'romaji': 'senshuu', 'background_path': 'assets/backgrounds/default.jpg', 'level': 'N5'}
추가된 영상: output/videos\senshuu.mp4
{'type': 'grammar', 'word': '～てある', 'hiragana': '～てある', 'meaning': '～해 놓여 있다', 'romaji': 'te_aru', 'background_path': 'assets/backgrounds/default.jpg', 'level': 'N5'}
추가된 영상: output/videos\te_aru.mp4
{'type': 'grammar', 'word': '～てしまう', 'hiragana': '～てしまう', 'meaning': '～해 버리다', 'romaji': 'te_shimau', 'background_path': 'assets/backgrounds/default.jpg', 'level': 'N5'}
추가된 영상: output/videos\te_shimau.mp4
총 클립 개수: 7
MoviePy - Building video output/day_videos\N5\N5_DAY_053.mp4.
MoviePy - Writing audio in N5_DAY_053TEMP_MPY_wvf_snd.mp4
MoviePy - Done.
MoviePy - Writing video output/day_videos\N5\N5_DAY_053.mp4

MoviePy - Done !
MoviePy - video ready output/day_videos\N5\N5_DAY_053.mp4
N5 DAY 영상 생성 완료: output/day_videos\N5\N5_DAY_053.mp4
Step 4 done: day video generated.
Step 5: generate thumbnail.
Thumbnail generated: output/thumbnails\N5_DAY_053.jpg
Step 5 done: thumbnail generated.
N5 DAY incremented: 54
N5 generation done
